Component: Arm Compiler for Embedded 6.23 Tool: armlink [5f102400]

==============================================================================

Section Cross References

    startup_stm32f405xx.o(STACK) refers (Special) to heapauxi.o(.text) for __use_two_region_memory
    startup_stm32f405xx.o(HEAP) refers (Special) to heapauxi.o(.text) for __use_two_region_memory
    startup_stm32f405xx.o(RESET) refers (Special) to heapauxi.o(.text) for __use_two_region_memory
    startup_stm32f405xx.o(RESET) refers to startup_stm32f405xx.o(STACK) for __initial_sp
    startup_stm32f405xx.o(RESET) refers to startup_stm32f405xx.o(.text) for Reset_Handler
    startup_stm32f405xx.o(RESET) refers to stm32f4xx_it.o(.text.NMI_Handler) for NMI_Handler
    startup_stm32f405xx.o(RESET) refers to stm32f4xx_it.o(.text.HardFault_Handler) for HardFault_Handler
    startup_stm32f405xx.o(RESET) refers to stm32f4xx_it.o(.text.MemManage_Handler) for MemManage_Handler
    startup_stm32f405xx.o(RESET) refers to stm32f4xx_it.o(.text.BusFault_Handler) for BusFault_Handler
    startup_stm32f405xx.o(RESET) refers to stm32f4xx_it.o(.text.UsageFault_Handler) for UsageFault_Handler
    startup_stm32f405xx.o(RESET) refers to stm32f4xx_it.o(.text.SVC_Handler) for SVC_Handler
    startup_stm32f405xx.o(RESET) refers to stm32f4xx_it.o(.text.DebugMon_Handler) for DebugMon_Handler
    startup_stm32f405xx.o(RESET) refers to stm32f4xx_it.o(.text.PendSV_Handler) for PendSV_Handler
    startup_stm32f405xx.o(RESET) refers to stm32f4xx_it.o(.text.SysTick_Handler) for SysTick_Handler
    startup_stm32f405xx.o(RESET) refers to stm32f4xx_it.o(.text.DMA1_Stream0_IRQHandler) for DMA1_Stream0_IRQHandler
    startup_stm32f405xx.o(RESET) refers to stm32f4xx_it.o(.text.DMA1_Stream4_IRQHandler) for DMA1_Stream4_IRQHandler
    startup_stm32f405xx.o(RESET) refers to stm32f4xx_it.o(.text.TIM1_UP_TIM10_IRQHandler) for TIM1_UP_TIM10_IRQHandler
    startup_stm32f405xx.o(RESET) refers to stm32f4xx_it.o(.text.TIM3_IRQHandler) for TIM3_IRQHandler
    startup_stm32f405xx.o(RESET) refers to stm32f4xx_it.o(.text.SPI2_IRQHandler) for SPI2_IRQHandler
    startup_stm32f405xx.o(RESET) refers to stm32f4xx_it.o(.text.USART2_IRQHandler) for USART2_IRQHandler
    startup_stm32f405xx.o(RESET) refers to stm32f4xx_it.o(.text.DMA2_Stream4_IRQHandler) for DMA2_Stream4_IRQHandler
    startup_stm32f405xx.o(.text) refers (Special) to heapauxi.o(.text) for __use_two_region_memory
    startup_stm32f405xx.o(.text) refers to system_stm32f4xx.o(.text.SystemInit) for SystemInit
    startup_stm32f405xx.o(.text) refers to __main.o(!!!main) for __main
    startup_stm32f405xx.o(.text) refers to startup_stm32f405xx.o(HEAP) for Heap_Mem
    startup_stm32f405xx.o(.text) refers to startup_stm32f405xx.o(STACK) for Stack_Mem
    xuanniu.o(.text) refers (Special) to _printf_percent.o(.ARM.Collect$$_printf_percent$$00000000) for _printf_percent
    xuanniu.o(.text) refers (Special) to _printf_d.o(.ARM.Collect$$_printf_percent$$00000009) for _printf_d
    xuanniu.o(.text) refers (Special) to _printf_dec.o(.text) for _printf_int_dec
    xuanniu.o(.text.Encoder_Init) refers (Special) to _printf_percent.o(.ARM.Collect$$_printf_percent$$00000000) for _printf_percent
    xuanniu.o(.text.Encoder_Init) refers (Special) to _printf_d.o(.ARM.Collect$$_printf_percent$$00000009) for _printf_d
    xuanniu.o(.text.Encoder_Init) refers (Special) to _printf_dec.o(.text) for _printf_int_dec
    xuanniu.o(.text.Encoder_Init) refers to xuanniu.o(.bss..L_MergedGlobals.14) for .L_MergedGlobals.14
    xuanniu.o(.text.Encoder_Init) refers to tim.o(.bss.htim1) for htim1
    xuanniu.o(.text.Encoder_Init) refers to stm32f4xx_hal_tim.o(.text.HAL_TIM_Encoder_Stop) for HAL_TIM_Encoder_Stop
    xuanniu.o(.text.Encoder_Init) refers to stm32f4xx_hal_tim.o(.text.HAL_TIM_Encoder_Start) for HAL_TIM_Encoder_Start
    xuanniu.o(.ARM.exidx.text.Encoder_Init) refers (Special) to _printf_percent.o(.ARM.Collect$$_printf_percent$$00000000) for _printf_percent
    xuanniu.o(.ARM.exidx.text.Encoder_Init) refers (Special) to _printf_d.o(.ARM.Collect$$_printf_percent$$00000009) for _printf_d
    xuanniu.o(.ARM.exidx.text.Encoder_Init) refers (Special) to _printf_dec.o(.text) for _printf_int_dec
    xuanniu.o(.ARM.exidx.text.Encoder_Init) refers to xuanniu.o(.text.Encoder_Init) for [Anonymous Symbol]
    xuanniu.o(.text.Encoder_GetDelta) refers (Special) to _printf_percent.o(.ARM.Collect$$_printf_percent$$00000000) for _printf_percent
    xuanniu.o(.text.Encoder_GetDelta) refers (Special) to _printf_d.o(.ARM.Collect$$_printf_percent$$00000009) for _printf_d
    xuanniu.o(.text.Encoder_GetDelta) refers (Special) to _printf_dec.o(.text) for _printf_int_dec
    xuanniu.o(.text.Encoder_GetDelta) refers to xuanniu.o(.bss..L_MergedGlobals.14) for .L_MergedGlobals.14
    xuanniu.o(.text.Encoder_GetDelta) refers to tim.o(.bss.htim1) for htim1
    xuanniu.o(.text.Encoder_GetDelta) refers to stm32f4xx_hal_tim.o(.text.HAL_TIM_Encoder_Stop) for HAL_TIM_Encoder_Stop
[...]
    gImage_b_2_2125                          0x080643b2   Data        1050  lcd.o(.rodata.gImage_b_2_2125)
    gImage_b_3_1925                          0x080647cc   Data         950  lcd.o(.rodata.gImage_b_3_1925)
    gImage_b_4_2325                          0x08064b82   Data        1150  lcd.o(.rodata.gImage_b_4_2325)
    gImage_b_5_2125                          0x08065000   Data        1050  lcd.o(.rodata.gImage_b_5_2125)
    gImage_b_6_2325                          0x0806541a   Data        1150  lcd.o(.rodata.gImage_b_6_2325)
    gImage_b_7_2125                          0x08065898   Data        1050  lcd.o(.rodata.gImage_b_7_2125)
    gImage_b_8_2225                          0x08065cb2   Data        1100  lcd.o(.rodata.gImage_b_8_2225)
    gImage_b_9_2325                          0x080660fe   Data        1150  lcd.o(.rodata.gImage_b_9_2325)
    gImage_beijing_240_240                   0x0806657c   Data       115200  lcd.o(.rodata.gImage_beijing_240_240)
    gImage_bright                            0x0808277c   Data        6798  lcd.o(.rodata.gImage_bright)
    gImage_brighttubiao                      0x0808420a   Data       10368  lcd.o(.rodata.gImage_brighttubiao)
    gImage_brt_6923                          0x08086a8a   Data        3174  lcd.o(.rodata.gImage_brt_6923)
    gImage_c_deng_1221                       0x080876f0   Data         504  lcd.o(.rodata.gImage_c_deng_1221)
    gImage_color_183_57                      0x080878e8   Data       20862  lcd.o(.rodata.gImage_color_183_57)
    gImage_color_rize_69_28                  0x0808ca66   Data        3864  lcd.o(.rodata.gImage_color_rize_69_28)
    gImage_fengshubiao_202_43                0x0808d97e   Data       17372  lcd.o(.rodata.gImage_fengshubiao_202_43)
    gImage_fengsu_68_58                      0x08091d5a   Data        7888  lcd.o(.rodata.gImage_fengsu_68_58)
    gImage_h_0_2425                          0x08093c2a   Data        1200  lcd.o(.rodata.gImage_h_0_2425)
    gImage_h_1_1125                          0x080940da   Data         550  lcd.o(.rodata.gImage_h_1_1125)
    gImage_h_2_2225                          0x08094300   Data        1100  lcd.o(.rodata.gImage_h_2_2225)
    gImage_h_3_1925                          0x0809474c   Data         950  lcd.o(.rodata.gImage_h_3_1925)
    gImage_h_4_2325                          0x08094b02   Data        1150  lcd.o(.rodata.gImage_h_4_2325)
    gImage_h_5_2125                          0x08094f80   Data        1050  lcd.o(.rodata.gImage_h_5_2125)
    gImage_h_6_2325                          0x0809539a   Data        1150  lcd.o(.rodata.gImage_h_6_2325)
    gImage_h_7_2125                          0x08095818   Data        1050  lcd.o(.rodata.gImage_h_7_2125)
    gImage_h_8_2125                          0x08095c32   Data        1050  lcd.o(.rodata.gImage_h_8_2125)
    gImage_h_9_2225                          0x0809604c   Data        1100  lcd.o(.rodata.gImage_h_9_2225)
    gImage_h_deng_1221                       0x08096498   Data         504  lcd.o(.rodata.gImage_h_deng_1221)
    gImage_l_0_2425                          0x08096690   Data        1200  lcd.o(.rodata.gImage_l_0_2425)
    gImage_l_1_0925                          0x08096b40   Data         450  lcd.o(.rodata.gImage_l_1_0925)
    gImage_l_2_2325                          0x08096d02   Data        1150  lcd.o(.rodata.gImage_l_2_2325)
    gImage_l_3_2125                          0x08097180   Data        1050  lcd.o(.rodata.gImage_l_3_2125)
    gImage_l_4_2425                          0x0809759a   Data        1200  lcd.o(.rodata.gImage_l_4_2425)
    gImage_l_5_2225                          0x08097a4a   Data        1100  lcd.o(.rodata.gImage_l_5_2225)
    gImage_l_6_2325                          0x08097e96   Data        1150  lcd.o(.rodata.gImage_l_6_2325)
    gImage_l_7_2125                          0x08098314   Data        1050  lcd.o(.rodata.gImage_l_7_2125)
    gImage_l_8_2325                          0x0809872e   Data        1150  lcd.o(.rodata.gImage_l_8_2325)
    gImage_l_9_2325                          0x08098bac   Data        1150  lcd.o(.rodata.gImage_l_9_2325)
    gImage_l_deng_1221                       0x0809902a   Data         504  lcd.o(.rodata.gImage_l_deng_1221)
    gImage_logo                              0x08099222   Data        5214  lcd.o(.rodata.gImage_logo)
    gImage_logotubiao                        0x0809a680   Data        9248  lcd.o(.rodata.gImage_logotubiao)
    gImage_new_color                         0x0809caa0   Data        5456  new_color.o(.rodata.gImage_new_color)
    gImage_rgb                               0x0809dff0   Data        3888  lcd.o(.rodata.gImage_rgb)
    gImage_rgbtubiao                         0x0809ef20   Data        8840  lcd.o(.rodata.gImage_rgbtubiao)
    gImage_speed_0_5153                      0x080a11a8   Data        5406  lcd.o(.rodata.gImage_speed_0_5153)
    gImage_speed_1_1553                      0x080a26c6   Data        4240  lcd.o(.rodata.gImage_speed_1_1553)
    gImage_speed_2_4853                      0x080a3756   Data        5088  lcd.o(.rodata.gImage_speed_2_4853)
    gImage_speed_3_4353                      0x080a4b36   Data        4558  lcd.o(.rodata.gImage_speed_3_4353)
    gImage_speed_4_5153                      0x080a5d04   Data        5406  lcd.o(.rodata.gImage_speed_4_5153)
    gImage_speed_5_4653                      0x080a7222   Data        4876  lcd.o(.rodata.gImage_speed_5_4653)
    gImage_speed_6_4953                      0x080a852e   Data        5194  lcd.o(.rodata.gImage_speed_6_4953)
    gImage_speed_7_4653                      0x080a9978   Data        4876  lcd.o(.rodata.gImage_speed_7_4653)
    gImage_speed_8_4953                      0x080aac84   Data        5194  lcd.o(.rodata.gImage_speed_8_4953)
    gImage_speed_99_33                       0x080ac0ce   Data        6534  lcd.o(.rodata.gImage_speed_99_33)
    gImage_speed_9_4953                      0x080ada54   Data        5194  lcd.o(.rodata.gImage_speed_9_4953)
    gImage_speed_kmh_6225                    0x080aee9e   Data        3100  lcd.o(.rodata.gImage_speed_kmh_6225)
    gImage_speed_mph_5225                    0x080afaba   Data        2600  lcd.o(.rodata.gImage_speed_mph_5225)
    gImage_tiaosepan_74_74                   0x080b04e2   Data       10952  lcd.o(.rodata.gImage_tiaosepan_74_74)
    gImage_voice                             0x080b2faa   Data        4860  lcd.o(.rodata.gImage_voice)
    gImage_voicetubiao                       0x080b42a6   Data        8468  lcd.o(.rodata.gImage_voicetubiao)
    Region$$Table$$Base                      0x080b7530   Number         0  anon$$obj.o(Region$$Table)
    Region$$Table$$Limit                     0x080b7550   Number         0  anon$$obj.o(Region$$Table)
    __ctype                                  0x080b755d   Data           0  lc_ctype_c.o(locale$$data)
    menu_selected                            0x20000004   Data           1  xuanniu.o(.data..L_MergedGlobals)
    red4                                     0x20000005   Data           1  xuanniu.o(.data..L_MergedGlobals)
    red2                                     0x20000006   Data           1  xuanniu.o(.data..L_MergedGlobals)
    red3                                     0x20000007   Data           1  xuanniu.o(.data..L_MergedGlobals)
    red1                                     0x20000008   Data           1  xuanniu.o(.data..L_MergedGlobals)
    green3                                   0x20000009   Data           1  xuanniu.o(.data..L_MergedGlobals)
    green1                                   0x2000000a   Data           1  xuanniu.o(.data..L_MergedGlobals)
    blue3                                    0x2000000b   Data           1  xuanniu.o(.data..L_MergedGlobals)
    name_old                                 0x2000000c   Data           1  xuanniu.o(.data..L_MergedGlobals)
    volume                                   0x2000000d   Data           1  xuanniu.o(.data..L_MergedGlobals)
    volume_old                               0x2000000e   Data           1  xuanniu.o(.data..L_MergedGlobals)
    deng_num                                 0x2000000f   Data           1  xuanniu.o(.data..L_MergedGlobals)
    wuhuaqi_state                            0x20000010   Data           1  xuanniu.o(.data..L_MergedGlobals)
    wuhuaqi_state_old                        0x20000011   Data           1  xuanniu.o(.data..L_MergedGlobals)
    wuhuaqi_state_saved                      0x20000012   Data           1  xuanniu.o(.data..L_MergedGlobals)
    key_old                                  0x20000013   Data           1  xuanniu.o(.data..L_MergedGlobals)
    ui                                       0x20000014   Data           1  xuanniu.o(.data..L_MergedGlobals)
    ui_old                                   0x20000015   Data           1  xuanniu.o(.data..L_MergedGlobals)
    led_num                                  0x20000018   Data           2  xuanniu.o(.data..L_MergedGlobals)
    bright                                   0x2000001a   Data           2  xuanniu.o(.data..L_MergedGlobals)
    red4_zhong                               0x2000001c   Data           2  xuanniu.o(.data..L_MergedGlobals)
    red2_zhong                               0x2000001e   Data           2  xuanniu.o(.data..L_MergedGlobals)
    red3_zhong                               0x20000020   Data           2  xuanniu.o(.data..L_MergedGlobals)
    red1_zhong                               0x20000022   Data           2  xuanniu.o(.data..L_MergedGlobals)
    green3_zhong                             0x20000024   Data           2  xuanniu.o(.data..L_MergedGlobals)
    green1_zhong                             0x20000026   Data           2  xuanniu.o(.data..L_MergedGlobals)
    blue3_zhong                              0x20000028   Data           2  xuanniu.o(.data..L_MergedGlobals)
    last_reported_speed                      0x2000002a   Data           2  xuanniu.o(.data..L_MergedGlobals)
    uwTickFreq                               0x20000038   Data           1  stm32f4xx_hal.o(.data..L_MergedGlobals)
    uwTickPrio                               0x2000003c   Data           4  stm32f4xx_hal.o(.data..L_MergedGlobals)
    SystemCoreClock                          0x20000040   Data           4  system_stm32f4xx.o(.data.SystemCoreClock)
    WriteBuffer                              0x20000044   Data         100  main.o(.data.WriteBuffer)
    __libspace_start                         0x200000a8   Data          96  libspace.o(.bss)
    __temporary_stack_top$libspace           0x20000108   Data           0  libspace.o(.bss)
    rx_data                                  0x2000011c   Data           1  rx.o(.bss..L_MergedGlobals)
    current_speed_kmh                        0x20000120   Data           2  rx.o(.bss..L_MergedGlobals)
    rx_pointer                               0x20000122   Data           2  rx.o(.bss..L_MergedGlobals)
    rx_tick                                  0x20000124   Data           4  rx.o(.bss..L_MergedGlobals)
    remote_active_tick                       0x20000128   Data           4  rx.o(.bss..L_MergedGlobals)
    speed_value                              0x20000180   Data           1  xuanniu.o(.bss..L_MergedGlobals.14)
    speed_value_old                          0x20000181   Data           1  xuanniu.o(.bss..L_MergedGlobals.14)
    auto_enter                               0x20000182   Data           1  xuanniu.o(.bss..L_MergedGlobals.14)
    chu                                      0x20000183   Data           1  xuanniu.o(.bss..L_MergedGlobals.14)
    ui3_mode                                 0x20000184   Data           1  xuanniu.o(.bss..L_MergedGlobals.14)
    ui3_channel                              0x20000185   Data           1  xuanniu.o(.bss..L_MergedGlobals.14)
    green4                                   0x20000186   Data           1  xuanniu.o(.bss..L_MergedGlobals.14)
    green2                                   0x20000187   Data           1  xuanniu.o(.bss..L_MergedGlobals.14)
    blue4                                    0x20000188   Data           1  xuanniu.o(.bss..L_MergedGlobals.14)
    blue2                                    0x20000189   Data           1  xuanniu.o(.bss..L_MergedGlobals.14)
    blue1                                    0x2000018a   Data           1  xuanniu.o(.bss..L_MergedGlobals.14)
    red4_old                                 0x2000018b   Data           1  xuanniu.o(.bss..L_MergedGlobals.14)
    red2_old                                 0x2000018c   Data           1  xuanniu.o(.bss..L_MergedGlobals.14)
    red3_old                                 0x2000018d   Data           1  xuanniu.o(.bss..L_MergedGlobals.14)
    red1_old                                 0x2000018e   Data           1  xuanniu.o(.bss..L_MergedGlobals.14)
    green4_old                               0x2000018f   Data           1  xuanniu.o(.bss..L_MergedGlobals.14)
    green2_old                               0x20000190   Data           1  xuanniu.o(.bss..L_MergedGlobals.14)
    green3_old                               0x20000191   Data           1  xuanniu.o(.bss..L_MergedGlobals.14)
    green1_old                               0x20000192   Data           1  xuanniu.o(.bss..L_MergedGlobals.14)
    blue4_old                                0x20000193   Data           1  xuanniu.o(.bss..L_MergedGlobals.14)
    blue2_old                                0x20000194   Data           1  xuanniu.o(.bss..L_MergedGlobals.14)
    blue3_old                                0x20000195   Data           1  xuanniu.o(.bss..L_MergedGlobals.14)
    blue1_old                                0x20000196   Data           1  xuanniu.o(.bss..L_MergedGlobals.14)
    name                                     0x20000197   Data           1  xuanniu.o(.bss..L_MergedGlobals.14)
    deng_2or3                                0x20000198   Data           1  xuanniu.o(.bss..L_MergedGlobals.14)
    pei_se_state                             0x20000199   Data           1  xuanniu.o(.bss..L_MergedGlobals.14)
    pei_se_state_old                         0x2000019a   Data           1  xuanniu.o(.bss..L_MergedGlobals.14)
    brt_nothing                              0x2000019b   Data           1  xuanniu.o(.bss..L_MergedGlobals.14)
    preset_dirty                             0x2000019c   Data           1  xuanniu.o(.bss..L_MergedGlobals.14)
    breath_mode                              0x2000019d   Data           1  xuanniu.o(.bss..L_MergedGlobals.14)
    key_state                                0x2000019e   Data           1  xuanniu.o(.bss..L_MergedGlobals.14)
    deng_num_old                             0x200001a1   Data           1  xuanniu.o(.bss..L_MergedGlobals.14)
    bright_wid                               0x200001a2   Data           1  xuanniu.o(.bss..L_MergedGlobals.14)
    bright_wid_old                           0x200001a3   Data           1  xuanniu.o(.bss..L_MergedGlobals.14)
    volume_state                             0x200001a4   Data           1  xuanniu.o(.bss..L_MergedGlobals.14)
    encoder_delta                            0x200001b2   Data           2  xuanniu.o(.bss..L_MergedGlobals.14)
    green4_zhong                             0x200001b4   Data           2  xuanniu.o(.bss..L_MergedGlobals.14)
    green2_zhong                             0x200001b6   Data           2  xuanniu.o(.bss..L_MergedGlobals.14)
    blue4_zhong                              0x200001b8   Data           2  xuanniu.o(.bss..L_MergedGlobals.14)
    blue2_zhong                              0x200001ba   Data           2  xuanniu.o(.bss..L_MergedGlobals.14)
    blue1_zhong                              0x200001bc   Data           2  xuanniu.o(.bss..L_MergedGlobals.14)
    breath_phase                             0x200001be   Data           2  xuanniu.o(.bss..L_MergedGlobals.14)
    Num                                      0x200001c4   Data           2  xuanniu.o(.bss..L_MergedGlobals.14)
    bright_old                               0x200001c6   Data           2  xuanniu.o(.bss..L_MergedGlobals.14)
    Num_old                                  0x200001c8   Data           2  xuanniu.o(.bss..L_MergedGlobals.14)
    breath_tick                              0x200001cc   Data           4  xuanniu.o(.bss..L_MergedGlobals.14)
    key_tick                                 0x200001d0   Data           4  xuanniu.o(.bss..L_MergedGlobals.14)
    key_state_tick                           0x200001d4   Data           4  xuanniu.o(.bss..L_MergedGlobals.14)
    encoder_process_tick                     0x200001ec   Data           4  xuanniu.o(.bss..L_MergedGlobals.14)
    pwm_tick                                 0x200001f0   Data           4  xuanniu.o(.bss..L_MergedGlobals.14)
    lcd_tick                                 0x20000204   Data           4  xuanniu.o(.bss..L_MergedGlobals.15)
    WriteRead                                0x2000021c   Data          16  xuanniu.o(.bss..L_MergedGlobals.15)
    led_gradient                             0x2000022c   Data          64  xuanniu.o(.bss..L_MergedGlobals.15)
    a                                        0x2000026c   Data           1  lcd.o(.bss..L_MergedGlobals.82)
    b                                        0x2000026d   Data           1  lcd.o(.bss..L_MergedGlobals.82)
    c                                        0x2000026e   Data           1  lcd.o(.bss..L_MergedGlobals.82)
    wei_shu                                  0x2000026f   Data           1  lcd.o(.bss..L_MergedGlobals.82)
    a_old                                    0x20000270   Data           1  lcd.o(.bss..L_MergedGlobals.82)
    b_old                                    0x20000271   Data           1  lcd.o(.bss..L_MergedGlobals.82)
    c_old                                    0x20000272   Data           1  lcd.o(.bss..L_MergedGlobals.82)
    speed                                    0x20000273   Data           1  lcd.o(.bss..L_MergedGlobals.82)
    speed_old                                0x20000274   Data           1  lcd.o(.bss..L_MergedGlobals.82)
    a_width                                  0x20000275   Data           1  lcd.o(.bss..L_MergedGlobals.82)
    b_width                                  0x20000276   Data           1  lcd.o(.bss..L_MergedGlobals.82)
    c_width                                  0x20000277   Data           1  lcd.o(.bss..L_MergedGlobals.82)
    ReadBuffer                               0x20001130   Data         100  main.o(.bss.ReadBuffer)
    __stdout                                 0x20001194   Data          84  main.o(.bss.__stdout)
    hdma_spi2_tx                             0x20002dc8   Data          96  spi.o(.bss.hdma_spi2_tx)
    hdma_tim1_ch4_trig_com                   0x20002e28   Data          96  tim.o(.bss.hdma_tim1_ch4_trig_com)
    hdma_tim5_ch3_up                         0x20002e88   Data          96  tim.o(.bss.hdma_tim5_ch3_up)
    hspi1                                    0x20002ee8   Data          88  spi.o(.bss.hspi1)
    hspi2                                    0x20002f40   Data          88  spi.o(.bss.hspi2)
    hspi3                                    0x20002f98   Data          88  spi.o(.bss.hspi3)
    htim1                                    0x20002ff0   Data          72  tim.o(.bss.htim1)
    htim2                                    0x20003038   Data          72  tim.o(.bss.htim2)
    htim3                                    0x20003080   Data          72  tim.o(.bss.htim3)
    htim4                                    0x200030c8   Data          72  tim.o(.bss.htim4)
    htim5                                    0x20003110   Data          72  tim.o(.bss.htim5)
    huart2                                   0x20003158   Data          72  usart.o(.bss.huart2)
    huart5                                   0x200031a0   Data          72  usart.o(.bss.huart5)
    rx_buff                                  0x2000368c   Data        2048  rx.o(.bss.rx_buff)
    uwTick                                   0x20003e8c   Data           4  stm32f4xx_hal.o(.bss.uwTick)



==============================================================================

Memory Map of the image

  Image Entry point : 0x08000189

  Load Region LR_IROM1 (Base: 0x08000000, Size: 0x000b7728, Max: 0x00100000, ABSOLUTE)

    Execution Region ER_IROM1 (Exec base: 0x08000000, Load base: 0x08000000, Size: 0x000b767c, Max: 0x00100000, ABSOLUTE)

    Exec Addr    Load Addr    Size         Type   Attr      Idx    E Section Name        Object

    0x08000000   0x08000000   0x00000188   Data   RO            3    RESET               startup_stm32f405xx.o
    0x08000188   0x08000188   0x00000008   Code   RO         1899  * !!!main             c_w.l(__main.o)
    0x08000190   0x08000190   0x0000005c   Code   RO         2198    !!!scatter          c_w.l(__scatter.o)
    0x080001ec   0x080001ec   0x0000001a   Code   RO         2202    !!handler_copy      c_w.l(__scatter_copy.o)
    0x08000206   0x08000206   0x00000002   PAD
    0x08000208   0x08000208   0x00000002   Code   RO         2199    !!handler_null      c_w.l(__scatter.o)
    0x0800020a   0x0800020a   0x00000002   PAD
    0x0800020c   0x0800020c   0x0000001c   Code   RO         2204    !!handler_zi        c_w.l(__scatter_zi.o)
    0x08000228   0x08000228   0x00000000   Code   RO         1869    .ARM.Collect$$_printf_percent$$00000000  c_w.l(_printf_percent.o)
    0x08000228   0x08000228   0x00000006   Code   RO         1868    .ARM.Collect$$_printf_percent$$00000003  c_w.l(_printf_f.o)
    0x0800022e   0x0800022e   0x00000006   Code   RO         1866    .ARM.Collect$$_printf_percent$$00000009  c_w.l(_printf_d.o)
    0x08000234   0x08000234   0x00000006   Code   RO         1867    .ARM.Collect$$_printf_percent$$0000000A  c_w.l(_printf_u.o)
    0x0800023a   0x0800023a   0x00000006   Code   RO         1865    .ARM.Collect$$_printf_percent$$0000000C  c_w.l(_printf_x.o)
    0x08000240   0x08000240   0x00000006   Code   RO         1864    .ARM.Collect$$_printf_percent$$00000014  c_w.l(_printf_s.o)
    0x08000246   0x08000246   0x00000004   Code   RO         1943    .ARM.Collect$$_printf_percent$$00000017  c_w.l(_printf_percent_end.o)
    0x0800024a   0x0800024a   0x00000002   Code   RO         2067    .ARM.Collect$$libinit$$00000000  c_w.l(libinit.o)
    0x0800024c   0x0800024c   0x00000004   Code   RO         2068    .ARM.Collect$$libinit$$00000001  c_w.l(libinit2.o)
    0x08000250   0x08000250   0x00000000   Code   RO         2071    .ARM.Collect$$libinit$$00000004  c_w.l(libinit2.o)
    0x08000250   0x08000250   0x00000000   Code   RO         2073    .ARM.Collect$$libinit$$00000006  c_w.l(libinit2.o)
    0x08000250   0x08000250   0x00000000   Code   RO         2076    .ARM.Collect$$libinit$$0000000C  c_w.l(libinit2.o)
    0x08000250   0x08000250   0x00000000   Code   RO         2078    .ARM.Collect$$libinit$$0000000E  c_w.l(libinit2.o)
    0x08000250   0x08000250   0x00000000   Code   RO         2080    .ARM.Collect$$libinit$$00000010  c_w.l(libinit2.o)
    0x08000250   0x08000250   0x00000006   Code   RO         2081    .ARM.Collect$$libinit$$00000011  c_w.l(libinit2.o)
    0x08000256   0x08000256   0x00000000   Code   RO         2083    .ARM.Collect$$libinit$$00000013  c_w.l(libinit2.o)
    0x08000256   0x08000256   0x0000000c   Code   RO         2084    .ARM.Collect$$libinit$$00000014  c_w.l(libinit2.o)
    0x08000262   0x08000262   0x00000000   Code   RO         2085    .ARM.Collect$$libinit$$00000015  c_w.l(libinit2.o)
    0x08000262   0x08000262   0x00000000   Code   RO         2087    .ARM.Collect$$libinit$$00000017  c_w.l(libinit2.o)
    0x08000262   0x08000262   0x0000000a   Code   RO         2088    .ARM.Collect$$libinit$$00000018  c_w.l(libinit2.o)
    0x0800026c   0x0800026c   0x00000000   Code   RO         2089    .ARM.Collect$$libinit$$00000019  c_w.l(libinit2.o)
    0x0800026c   0x0800026c   0x00000000   Code   RO         2091    .ARM.Collect$$libinit$$0000001B  c_w.l(libinit2.o)
    0x0800026c   0x0800026c   0x00000000   Code   RO         2093    .ARM.Collect$$libinit$$0000001D  c_w.l(libinit2.o)
    0x0800026c   0x0800026c   0x00000000   Code   RO         2095    .ARM.Collect$$libinit$$0000001F  c_w.l(libinit2.o)
    0x0800026c   0x0800026c   0x00000000   Code   RO         2097    .ARM.Collect$$libinit$$00000021  c_w.l(libinit2.o)
    0x0800026c   0x0800026c   0x00000000   Code   RO         2099    .ARM.Collect$$libinit$$00000023  c_w.l(libinit2.o)
    0x0800026c   0x0800026c   0x00000000   Code   RO         2101    .ARM.Collect$$libinit$$00000025  c_w.l(libinit2.o)
    0x0800026c   0x0800026c   0x00000000   Code   RO         2103    .ARM.Collect$$libinit$$00000027  c_w.l(libinit2.o)
    0x0800026c   0x0800026c   0x00000000   Code   RO         2107    .ARM.Collect$$libinit$$0000002E  c_w.l(libinit2.o)
    0x0800026c   0x0800026c   0x00000000   Code   RO         2109    .ARM.Collect$$libinit$$00000030  c_w.l(libinit2.o)
    0x0800026c   0x0800026c   0x00000000   Code   RO         2111    .ARM.Collect$$libinit$$00000032  c_w.l(libinit2.o)
    0x0800026c   0x0800026c   0x00000000   Code   RO         2113    .ARM.Collect$$libinit$$00000034  c_w.l(libinit2.o)
    0x0800026c   0x0800026c   0x00000002   Code   RO         2114    .ARM.Collect$$libinit$$00000035  c_w.l(libinit2.o)
    0x0800026e   0x0800026e   0x00000002   Code   RO         2162    .ARM.Collect$$libshutdown$$00000000  c_w.l(libshutdown.o)
    0x08000270   0x08000270   0x00000000   Code   RO         2181    .ARM.Collect$$libshutdown$$00000002  c_w.l(libshutdown2.o)
    0x08000270   0x08000270   0x00000000   Code   RO         2183    .ARM.Collect$$libshutdown$$00000004  c_w.l(libshutdown2.o)
    0x08000270   0x08000270   0x00000000   Code   RO         2186    .ARM.Collect$$libshutdown$$00000007  c_w.l(libshutdown2.o)
    0x08000270   0x08000270   0x00000000   Code   RO         2189    .ARM.Collect$$libshutdown$$0000000A  c_w.l(libshutdown2.o)
    0x08000270   0x08000270   0x00000000   Code   RO         2191    .ARM.Collect$$libshutdown$$0000000C  c_w.l(libshutdown2.o)
    0x08000270   0x08000270   0x00000000   Code   RO         2194    .ARM.Collect$$libshutdown$$0000000F  c_w.l(libshutdown2.o)
    0x08000270   0x08000270   0x00000002   Code   RO         2195    .ARM.Collect$$libshutdown$$00000010  c_w.l(libshutdown2.o)
    0x08000272   0x08000272   0x00000000   Code   RO         1913    .ARM.Collect$$rtentry$$00000000  c_w.l(__rtentry.o)
    0x08000272   0x08000272   0x00000000   Code   RO         1978    .ARM.Collect$$rtentry$$00000002  c_w.l(__rtentry2.o)
    0x08000272   0x08000272   0x00000006   Code   RO         1990    .ARM.Collect$$rtentry$$00000004  c_w.l(__rtentry4.o)
    0x08000278   0x08000278   0x00000000   Code   RO         1980    .ARM.Collect$$rtentry$$00000009  c_w.l(__rtentry2.o)
    0x08000278   0x08000278   0x00000004   Code   RO         1981    .ARM.Collect$$rtentry$$0000000A  c_w.l(__rtentry2.o)
    0x0800027c   0x0800027c   0x00000000   Code   RO         1983    .ARM.Collect$$rtentry$$0000000C  c_w.l(__rtentry2.o)
    0x0800027c   0x0800027c   0x00000008   Code   RO         1984    .ARM.Collect$$rtentry$$0000000D  c_w.l(__rtentry2.o)
    0x08000284   0x08000284   0x00000002   Code   RO         2115    .ARM.Collect$$rtexit$$00000000  c_w.l(rtexit.o)
    0x08000286   0x08000286   0x00000000   Code   RO         2130    .ARM.Collect$$rtexit$$00000002  c_w.l(rtexit2.o)
    0x08000286   0x08000286   0x00000004   Code   RO         2131    .ARM.Collect$$rtexit$$00000003  c_w.l(rtexit2.o)
    0x0800028a   0x0800028a   0x00000006   Code   RO         2132    .ARM.Collect$$rtexit$$00000004  c_w.l(rtexit2.o)
    0x08000290   0x08000290   0x00000040   Code   RO            4    .text               startup_stm32f405xx.o
    0x080002d0   0x080002d0   0x00000002   Code   RO         1799    .text               c_w.l(use_no_semi_2.o)
    0x080002d2   0x080002d2   0x000000f0   Code   RO         1801    .text               c_w.l(lludivv7m.o)
    0x080003c2   0x080003c2   0x00000002   PAD
    0x080003c4   0x080003c4   0x00000018   Code   RO         1809    .text               c_w.l(noretval__2printf.o)
    0x080003dc   0x080003dc   0x00000028   Code   RO         1811    .text               c_w.l(noretval__2sprintf.o)
    0x08000404   0x08000404   0x00000040   Code   RO         1813    .text               c_w.l(noretval__2snprintf.o)
    0x08000444   0x08000444   0x0000004e   Code   RO         1817    .text               c_w.l(_printf_pad.o)
    0x08000492   0x08000492   0x00000052   Code   RO         1819    .text               c_w.l(_printf_str.o)
    0x080004e4   0x080004e4   0x00000078   Code   RO         1821    .text               c_w.l(_printf_dec.o)
    0x0800055c   0x0800055c   0x00000058   Code   RO         1826    .text               c_w.l(_printf_hex_int.o)
    0x080005b4   0x080005b4   0x00000188   Code   RO         1861    .text               c_w.l(__printf_flags_ss_wp.o)
    0x0800073c   0x0800073c   0x0000001a   Code   RO         1870    .text               c_w.l(atoi.o)
    0x08000756   0x08000756   0x00000072   Code   RO         1872    .text               c_w.l(strtoul.o)
    0x080007c8   0x080007c8   0x0000002c   Code   RO         1874    .text               c_w.l(puts.o)
    0x080007f4   0x080007f4   0x0000000c   Code   RO         1876    .text               c_w.l(strtok.o)
    0x08000800   0x08000800   0x00000014   Code   RO         1879    .text               c_w.l(strchr.o)
    0x08000814   0x08000814   0x00000058   Code   RO         1881    .text               c_w.l(memcmp.o)
    0x0800086c   0x0800086c   0x00000048   Code   RO         1883    .text               c_w.l(strcpy.o)
    0x080008b4   0x080008b4   0x0000003e   Code   RO         1885    .text               c_w.l(strlen.o)
    0x080008f2   0x080008f2   0x00000096   Code   RO         1887    .text               c_w.l(strncmp.o)
    0x08000988   0x08000988   0x0000008a   Code   RO         1889    .text               c_w.l(rt_memcpy_v6.o)
    0x08000a12   0x08000a12   0x00000064   Code   RO         1891    .text               c_w.l(rt_memcpy_w.o)
    0x08000a76   0x08000a76   0x0000004e   Code   RO         1893    .text               c_w.l(rt_memclr_w.o)
    0x08000ac4   0x08000ac4   0x00000004   PAD
    0x08000ac8   0x08000ac8   0x0000007c   Code   RO         1895    .text               c_w.l(strcmpv7em.o)
    0x08000b44   0x08000b44   0x00000006   Code   RO         1897    .text               c_w.l(heapauxi.o)
    0x08000b4a   0x08000b4a   0x00000002   Code   RO         1911    .text               c_w.l(use_no_semi.o)
    0x08000b4c   0x08000b4c   0x00000010   Code   RO         1914    .text               c_w.l(rt_ctype_table.o)
    0x08000b5c   0x08000b5c   0x00000008   Code   RO         1923    .text               c_w.l(rt_errno_addr_intlibspace.o)
    0x08000b64   0x08000b64   0x00000016   Code   RO         1925    .text               c_w.l(_rserrno.o)
    0x08000b7a   0x08000b7a   0x000000b2   Code   RO         1927    .text               c_w.l(_printf_intcommon.o)
    0x08000c2c   0x08000c2c   0x0000041c   Code   RO         1929    .text               c_w.l(_printf_fp_dec.o)
    0x08001048   0x08001048   0x00000030   Code   RO         1933    .text               c_w.l(_printf_char_common.o)
    0x08001078   0x08001078   0x0000000a   Code   RO         1935    .text               c_w.l(_sputc.o)
    0x08001082   0x08001082   0x00000010   Code   RO         1937    .text               c_w.l(_snputc.o)
    0x08001092   0x08001092   0x0000002c   Code   RO         1939    .text               c_w.l(_printf_char.o)
    0x080010be   0x080010be   0x00000002   PAD
    0x080010c0   0x080010c0   0x00000024   Code   RO         1941    .text               c_w.l(_printf_char_file.o)
    0x080010e4   0x080010e4   0x0000009e   Code   RO         1944    .text               c_w.l(_strtoul.o)
    0x08001182   0x08001182   0x00000070   Code   RO         1946    .text               c_w.l(strtol.o)
    0x080011f2   0x080011f2   0x00000002   PAD
    0x080011f4   0x080011f4   0x00000044   Code   RO         1948    .text               c_w.l(strtok_int.o)
    0x08001238   0x08001238   0x00000008   Code   RO         1974    .text               c_w.l(libspace.o)
    0x08001240   0x08001240   0x00000008   Code   RO         1997    .text               c_w.l(rt_locale_intlibspace.o)
    0x08001248   0x08001248   0x0000008a   Code   RO         1999    .text               c_w.l(lludiv10.o)
    0x080012d2   0x080012d2   0x00000002   PAD
    0x080012d4   0x080012d4   0x00000080   Code   RO         2001    .text               c_w.l(_printf_fp_infnan.o)
    0x08001354   0x08001354   0x0000001c   Code   RO         2005    .text               c_w.l(_chval.o)
    0x08001370   0x08001370   0x000000e4   Code   RO         2007    .text               c_w.l(bigflt0.o)
    0x08001454   0x08001454   0x00000008   Code   RO         2034    .text               c_w.l(ferror.o)
    0x0800145c   0x0800145c   0x00000020   Code   RO         2044    .text               c_w.l(strcspn.o)
    0x0800147c   0x0800147c   0x0000001c   Code   RO         2046    .text               c_w.l(strspn.o)
    0x08001498   0x08001498   0x0000004a   Code   RO         2052    .text               c_w.l(sys_stackheap_outer.o)
    0x080014e2   0x080014e2   0x00000012   Code   RO         2056    .text               c_w.l(exit.o)
    0x080014f4   0x080014f4   0x00001128   Code   RO          516    .text.BLE_ParseCommand  rx.o
    0x0800261c   0x0800261c   0x0000003c   Code   RO          526    .text.BLE_ReportButtonEvent  rx.o
    0x08002658   0x08002658   0x0000004c   Code   RO          534    .text.BLE_ReportPreset  rx.o
    0x080026a4   0x080026a4   0x00000054   Code   RO          528    .text.BLE_ReportSpeed  rx.o
    0x080026f8   0x080026f8   0x00000048   Code   RO          530    .text.BLE_ReportThrottle  rx.o
    0x08002740   0x08002740   0x00000044   Code   RO          532    .text.BLE_ReportUnit  rx.o
    0x08002784   0x08002784   0x0000001e   Code   RO          518    .text.BLE_SendString  rx.o
    0x080027a2   0x080027a2   0x00000002   PAD
    0x080027a4   0x080027a4   0x000001e0   Code   RO           23    .text.Breath_Process  xuanniu.o
    0x08002984   0x08002984   0x00000002   Code   RO          796    .text.BusFault_Handler  stm32f4xx_it.o
    0x08002986   0x08002986   0x00000002   PAD
    0x08002988   0x08002988   0x000000f8   Code   RO          642    .text.CRC32_CalculateFlash  logo.o
    0x08002a80   0x08002a80   0x0000000c   Code   RO          808    .text.DMA1_Stream0_IRQHandler  stm32f4xx_it.o
    0x08002a8c   0x08002a8c   0x0000000c   Code   RO          810    .text.DMA1_Stream4_IRQHandler  stm32f4xx_it.o
    0x08002a98   0x08002a98   0x0000000c   Code   RO          820    .text.DMA2_Stream4_IRQHandler  stm32f4xx_it.o
    0x08002aa4   0x08002aa4   0x00000002   Code   RO          802    .text.DebugMon_Handler  stm32f4xx_it.o
    0x08002aa6   0x08002aa6   0x00000002   PAD
    0x08002aa8   0x08002aa8   0x000007b2   Code   RO          239    .text.Draw_Menu_Page  lcd.o
    0x0800325a   0x0800325a   0x00000002   PAD
    0x0800325c   0x0800325c   0x000001f6   Code   RO          654    .text.Draw_ThickLine  logo.o
    0x08003452   0x08003452   0x00000002   PAD
    0x08003454   0x08003454   0x00000a74   Code   RO           49    .text.Encoder       xuanniu.o
    0x08003ec8   0x08003ec8   0x0000005a   Code   RO           11    .text.Encoder_Init  xuanniu.o
    0x08003f22   0x08003f22   0x00000002   PAD
    0x08003f24   0x08003f24   0x00000098   Code   RO          490    .text.EngineAudio_Init  engine_audio.o
    0x08003fbc   0x08003fbc   0x0000000c   Code   RO          500    .text.EngineAudio_IsPlaying  engine_audio.o
    0x08003fc8   0x08003fc8   0x000000cc   Code   RO          492    .text.EngineAudio_PlayStart  engine_audio.o
    0x08004094   0x08004094   0x000000a4   Code   RO          498    .text.EngineAudio_Process  engine_audio.o
    0x08004138   0x08004138   0x00000004   Code   RO          502    .text.EngineAudio_SetVolume  engine_audio.o
    0x0800413c   0x0800413c   0x000000d0   Code   RO          494    .text.EngineAudio_Start  engine_audio.o
    0x0800420c   0x0800420c   0x0000004c   Code   RO          496    .text.EngineAudio_Stop  engine_audio.o
    0x08004258   0x08004258   0x00000006   Code   RO          683    .text.Error_Handler  main.o
    0x0800425e   0x0800425e   0x00000002   PAD
    0x08004260   0x08004260   0x0000011a   Code   RO          163    .text.Fill_Circle   lcd.o
    0x0800437a   0x0800437a   0x00000002   PAD
    0x0800437c   0x0800437c   0x0000008e   Code   RO         1113    .text.HAL_DMA_Abort  stm32f4xx_hal_dma.o
    0x0800440a   0x0800440a   0x00000002   PAD
    0x0800440c   0x0800440c   0x00000024   Code   RO         1115    .text.HAL_DMA_Abort_IT  stm32f4xx_hal_dma.o
    0x08004430   0x08004430   0x000001c4   Code   RO         1119    .text.HAL_DMA_IRQHandler  stm32f4xx_hal_dma.o
    0x080045f4   0x080045f4   0x00000162   Code   RO         1105    .text.HAL_DMA_Init  stm32f4xx_hal_dma.o
    0x08004756   0x08004756   0x00000002   PAD
    0x08004758   0x08004758   0x000000a2   Code   RO         1111    .text.HAL_DMA_Start_IT  stm32f4xx_hal_dma.o
    0x080047fa   0x080047fa   0x00000002   PAD
    0x080047fc   0x080047fc   0x00000028   Code   RO         1272    .text.HAL_Delay     stm32f4xx_hal.o
    0x08004824   0x08004824   0x0000019e   Code   RO         1067    .text.HAL_GPIO_Init  stm32f4xx_hal_gpio.o
    0x080049c2   0x080049c2   0x00000002   PAD
    0x080049c4   0x080049c4   0x0000000a   Code   RO         1071    .text.HAL_GPIO_ReadPin  stm32f4xx_hal_gpio.o
    0x080049ce   0x080049ce   0x00000002   PAD
    0x080049d0   0x080049d0   0x0000000a   Code   RO         1073    .text.HAL_GPIO_WritePin  stm32f4xx_hal_gpio.o
    0x080049da   0x080049da   0x00000002   PAD
    0x080049dc   0x080049dc   0x0000000c   Code   RO         1264    .text.HAL_GetTick   stm32f4xx_hal.o
    0x080049e8   0x080049e8   0x0000001a   Code   RO         1262    .text.HAL_IncTick   stm32f4xx_hal.o
    0x08004a02   0x08004a02   0x00000002   PAD
    0x08004a04   0x08004a04   0x00000036   Code   RO         1252    .text.HAL_Init      stm32f4xx_hal.o
    0x08004a3a   0x08004a3a   0x00000002   PAD
    0x08004a3c   0x08004a3c   0x00000048   Code   RO         1254    .text.HAL_InitTick  stm32f4xx_hal.o
    0x08004a84   0x08004a84   0x00000038   Code   RO          829    .text.HAL_MspInit   stm32f4xx_hal_msp.o
    0x08004abc   0x08004abc   0x00000022   Code   RO         1204    .text.HAL_NVIC_EnableIRQ  stm32f4xx_hal_cortex.o
    0x08004ade   0x08004ade   0x00000002   PAD
    0x08004ae0   0x08004ae0   0x00000056   Code   RO         1202    .text.HAL_NVIC_SetPriority  stm32f4xx_hal_cortex.o
    0x08004b36   0x08004b36   0x00000002   PAD
    0x08004b38   0x08004b38   0x00000020   Code   RO         1200    .text.HAL_NVIC_SetPriorityGrouping  stm32f4xx_hal_cortex.o
    0x08004b58   0x08004b58   0x00000164   Code   RO          961    .text.HAL_RCC_ClockConfig  stm32f4xx_hal_rcc.o
    0x08004cbc   0x08004cbc   0x00000026   Code   RO          973    .text.HAL_RCC_GetPCLK1Freq  stm32f4xx_hal_rcc.o
    0x08004ce2   0x08004ce2   0x00000002   PAD
    0x08004ce4   0x08004ce4   0x00000026   Code   RO          975    .text.HAL_RCC_GetPCLK2Freq  stm32f4xx_hal_rcc.o
    0x08004d0a   0x08004d0a   0x00000002   PAD
    0x08004d0c   0x08004d0c   0x00000070   Code   RO          963    .text.HAL_RCC_GetSysClockFreq  stm32f4xx_hal_rcc.o
    0x08004d7c   0x08004d7c   0x000003ac   Code   RO          959    .text.HAL_RCC_OscConfig  stm32f4xx_hal_rcc.o
    0x08005128   0x08005128   0x000001e0   Code   RO          899    .text.HAL_SPI_Abort  stm32f4xx_hal_spi.o
    0x08005308   0x08005308   0x00000002   Code   RO          923    .text.HAL_SPI_ErrorCallback  stm32f4xx_hal_spi.o
    0x0800530a   0x0800530a   0x00000002   PAD
    0x0800530c   0x0800530c   0x00000006   Code   RO          937    .text.HAL_SPI_GetState  stm32f4xx_hal_spi.o
    0x08005312   0x08005312   0x00000002   PAD
    0x08005314   0x08005314   0x0000012e   Code   RO          919    .text.HAL_SPI_IRQHandler  stm32f4xx_hal_spi.o
    0x08005442   0x08005442   0x00000002   PAD
    0x08005444   0x08005444   0x000000b0   Code   RO          843    .text.HAL_SPI_Init  stm32f4xx_hal_spi.o
    0x080054f4   0x080054f4   0x00000184   Code   RO          721    .text.HAL_SPI_MspInit  spi.o
    0x08005678   0x08005678   0x00000274   Code   RO          851    .text.HAL_SPI_Transmit  stm32f4xx_hal_spi.o
    0x080058ec   0x080058ec   0x00000340   Code   RO          855    .text.HAL_SPI_TransmitReceive  stm32f4xx_hal_spi.o
    0x08005c2c   0x08005c2c   0x000000de   Code   RO          879    .text.HAL_SPI_Transmit_DMA  stm32f4xx_hal_spi.o
    0x08005d0a   0x08005d0a   0x00000002   PAD
    0x08005d0c   0x08005d0c   0x00000002   Code   RO          925    .text.HAL_SPI_TxCpltCallback  stm32f4xx_hal_spi.o
    0x08005d0e   0x08005d0e   0x00000002   PAD
    0x08005d10   0x08005d10   0x00000002   Code   RO          931    .text.HAL_SPI_TxHalfCpltCallback  stm32f4xx_hal_spi.o
    0x08005d12   0x08005d12   0x00000002   PAD
    0x08005d14   0x08005d14   0x0000002c   Code   RO         1212    .text.HAL_SYSTICK_Config  stm32f4xx_hal_cortex.o
    0x08005d40   0x08005d40   0x00000002   Code   RO         1647    .text.HAL_TIMEx_BreakCallback  stm32f4xx_hal_tim_ex.o
    0x08005d42   0x08005d42   0x00000002   PAD
    0x08005d44   0x08005d44   0x00000002   Code   RO         1643    .text.HAL_TIMEx_CommutCallback  stm32f4xx_hal_tim_ex.o
    0x08005d46   0x08005d46   0x00000002   PAD
    0x08005d48   0x08005d48   0x000000ba   Code   RO         1637    .text.HAL_TIMEx_MasterConfigSynchronization  stm32f4xx_hal_tim_ex.o
    0x08005e02   0x08005e02   0x00000002   PAD
    0x08005e04   0x08005e04   0x0000005a   Code   RO         1342    .text.HAL_TIM_Base_Init  stm32f4xx_hal_tim.o
    0x08005e5e   0x08005e5e   0x00000002   PAD
    0x08005e60   0x08005e60   0x00000108   Code   RO          751    .text.HAL_TIM_Base_MspInit  tim.o
    0x08005f68   0x08005f68   0x000001a0   Code   RO         1522    .text.HAL_TIM_ConfigClockSource  stm32f4xx_hal_tim.o
    0x08006108   0x08006108   0x000000b2   Code   RO         1456    .text.HAL_TIM_Encoder_Init  stm32f4xx_hal_tim.o
    0x080061ba   0x080061ba   0x00000002   PAD
    0x080061bc   0x080061bc   0x000000c8   Code   RO          749    .text.HAL_TIM_Encoder_MspInit  tim.o
    0x08006284   0x08006284   0x000000bc   Code   RO         1464    .text.HAL_TIM_Encoder_Start  stm32f4xx_hal_tim.o
    0x08006340   0x08006340   0x00000082   Code   RO         1466    .text.HAL_TIM_Encoder_Stop  stm32f4xx_hal_tim.o
    0x080063c2   0x080063c2   0x00000002   PAD
    0x080063c4   0x080063c4   0x00000002   Code   RO         1478    .text.HAL_TIM_IC_CaptureCallback  stm32f4xx_hal_tim.o
    0x080063c6   0x080063c6   0x00000002   PAD
    0x080063c8   0x080063c8   0x0000014e   Code   RO         1476    .text.HAL_TIM_IRQHandler  stm32f4xx_hal_tim.o
    0x08006516   0x08006516   0x00000002   PAD
    0x08006518   0x08006518   0x00000002   Code   RO         1480    .text.HAL_TIM_OC_DelayElapsedCallback  stm32f4xx_hal_tim.o
    0x0800651a   0x0800651a   0x00000002   PAD
    0x0800651c   0x0800651c   0x00000220   Code   RO         1496    .text.HAL_TIM_PWM_ConfigChannel  stm32f4xx_hal_tim.o
    0x0800673c   0x0800673c   0x0000005a   Code   RO         1396    .text.HAL_TIM_PWM_Init  stm32f4xx_hal_tim.o
    0x08006796   0x08006796   0x00000002   PAD
    0x08006798   0x08006798   0x00000002   Code   RO         1398    .text.HAL_TIM_PWM_MspInit  stm32f4xx_hal_tim.o
    0x0800679a   0x0800679a   0x00000002   PAD
    0x0800679c   0x0800679c   0x00000002   Code   RO         1482    .text.HAL_TIM_PWM_PulseFinishedCallback  stm32f4xx_hal_tim.o
    0x0800679e   0x0800679e   0x00000002   PAD
    0x080067a0   0x080067a0   0x0000014a   Code   RO         1408    .text.HAL_TIM_PWM_Start_IT  stm32f4xx_hal_tim.o
    0x080068ea   0x080068ea   0x00000002   PAD
    0x080068ec   0x080068ec   0x00000002   Code   RO           45    .text.HAL_TIM_PeriodElapsedCallback  xuanniu.o
    0x080068ee   0x080068ee   0x00000002   PAD
    0x080068f0   0x080068f0   0x00000002   Code   RO         1486    .text.HAL_TIM_TriggerCallback  stm32f4xx_hal_tim.o
    0x080068f2   0x080068f2   0x00000002   PAD
    0x080068f4   0x080068f4   0x00000002   Code   RO         1747    .text.HAL_UARTEx_RxEventCallback  stm32f4xx_hal_uart.o
    0x080068f6   0x080068f6   0x00000002   PAD
    0x080068f8   0x080068f8   0x00000002   Code   RO         1745    .text.HAL_UART_ErrorCallback  stm32f4xx_hal_uart.o
    0x080068fa   0x080068fa   0x00000002   PAD
    0x080068fc   0x080068fc   0x00000594   Code   RO         1739    .text.HAL_UART_IRQHandler  stm32f4xx_hal_uart.o
    0x08006e90   0x08006e90   0x00000060   Code   RO         1661    .text.HAL_UART_Init  stm32f4xx_hal_uart.o
    0x08006ef0   0x08006ef0   0x00000120   Code   RO          776    .text.HAL_UART_MspInit  usart.o
    0x08007010   0x08007010   0x00000054   Code   RO         1683    .text.HAL_UART_Receive_IT  stm32f4xx_hal_uart.o
    0x08007064   0x08007064   0x00000054   Code   RO          522    .text.HAL_UART_RxCpltCallback  rx.o
    0x080070b8   0x080070b8   0x00000192   Code   RO         1677    .text.HAL_UART_Transmit  stm32f4xx_hal_uart.o
    0x0800724a   0x0800724a   0x00000002   PAD
    0x0800724c   0x0800724c   0x00000002   Code   RO         1749    .text.HAL_UART_TxCpltCallback  stm32f4xx_hal_uart.o
    0x0800724e   0x0800724e   0x00000002   PAD
    0x08007250   0x08007250   0x00000002   Code   RO          792    .text.HardFault_Handler  stm32f4xx_it.o
    0x08007252   0x08007252   0x00000002   PAD
    0x08007254   0x08007254   0x000007cc   Code   RO           51    .text.LCD           xuanniu.o
    0x08007a20   0x08007a20   0x0000019e   Code   RO          118    .text.LCD_Address_Set  lcd_init.o
    0x08007bbe   0x08007bbe   0x00000002   PAD
    0x08007bc0   0x08007bc0   0x000000a8   Code   RO          201    .text.LCD_ClearBreathBar  lcd.o
    0x08007c68   0x08007c68   0x00000098   Code   RO          197    .text.LCD_DrawBreathBarGradient  lcd.o
    0x08007d00   0x08007d00   0x0000048a   Code   RO          199    .text.LCD_DrawGradientBar  lcd.o
    0x0800818a   0x0800818a   0x00000002   PAD
    0x0800818c   0x0800818c   0x00000016   Code   RO          133    .text.LCD_DrawPoint  lcd.o
    0x080081a2   0x080081a2   0x00000002   PAD
    0x080081a4   0x080081a4   0x00000610   Code   RO          165    .text.LCD_DrawRoundedBar  lcd.o
    0x080087b4   0x080087b4   0x0000018a   Code   RO          195    .text.LCD_DrawSolidBar  lcd.o
    0x0800893e   0x0800893e   0x00000002   PAD
    0x08008940   0x08008940   0x000000de   Code   RO          131    .text.LCD_Fill      lcd.o
    0x08008a1e   0x08008a1e   0x00000002   PAD
    0x08008a20   0x08008a20   0x00002332   Code   RO          120    .text.LCD_Init      lcd_init.o
    0x0800ad52   0x0800ad52   0x00000002   PAD
    0x0800ad54   0x0800ad54   0x00000374   Code   RO          151    .text.LCD_ShowChar  lcd.o
    0x0800b0c8   0x0800b0c8   0x00000064   Code   RO          161    .text.LCD_ShowPicture  lcd.o
    0x0800b12c   0x0800b12c   0x00000046   Code   RO          153    .text.LCD_ShowString  lcd.o
    0x0800b172   0x0800b172   0x00000002   PAD
    0x0800b174   0x0800b174   0x00000044   Code   RO          114    .text.LCD_WR_DATA   lcd_init.o
    0x0800b1b8   0x0800b1b8   0x00000040   Code   RO          112    .text.LCD_WR_DATA8  lcd_init.o
    0x0800b1f8   0x0800b1f8   0x0000008a   Code   RO          110    .text.LCD_Writ_Bus  lcd_init.o
    0x0800b282   0x0800b282   0x00000002   PAD
    0x0800b284   0x0800b284   0x000006c0   Code   RO          179    .text.LCD_picture   lcd.o
    0x0800b944   0x0800b944   0x00000054   Code   RO          183    .text.LCD_ui0       lcd.o
    0x0800b998   0x0800b998   0x0000009a   Code   RO          185    .text.LCD_ui1       lcd.o
    0x0800ba32   0x0800ba32   0x00000002   PAD
    0x0800ba34   0x0800ba34   0x000000e2   Code   RO          187    .text.LCD_ui2       lcd.o
    0x0800bb16   0x0800bb16   0x00000002   PAD
    0x0800bb18   0x0800bb18   0x00000306   Code   RO          189    .text.LCD_ui3       lcd.o
    0x0800be1e   0x0800be1e   0x00000002   PAD
    0x0800be20   0x0800be20   0x000001ee   Code   RO          191    .text.LCD_ui4       lcd.o
    0x0800c00e   0x0800c00e   0x00000002   PAD
    0x0800c010   0x0800c010   0x000004e0   Code   RO          233    .text.LCD_ui4_num_update  lcd.o
    0x0800c4f0   0x0800c4f0   0x000001d6   Code   RO          205    .text.LCD_ui6       lcd.o
    0x0800c6c6   0x0800c6c6   0x00000002   PAD
    0x0800c6c8   0x0800c6c8   0x00000344   Code   RO          209    .text.LCD_ui6_num_update  lcd.o
    0x0800ca0c   0x0800ca0c   0x000004f4   Code   RO           19    .text.LED_GradientProcess  xuanniu.o
    0x0800cf00   0x0800cf00   0x0000004a   Code   RO           17    .text.LED_StartGradient  xuanniu.o
    0x0800cf4a   0x0800cf4a   0x00000002   PAD
    0x0800cf4c   0x0800cf4c   0x000001b8   Code   RO          640    .text.Logo_AddDebugLog  logo.o
    0x0800d104   0x0800d104   0x0000000e   Code   RO          634    .text.Logo_ClearErrorFlag  logo.o
    0x0800d112   0x0800d112   0x00000002   PAD
    0x0800d114   0x0800d114   0x000000a0   Code   RO          606    .text.Logo_CountValidSlots  logo.o
    0x0800d1b4   0x0800d1b4   0x000001d8   Code   RO          618    .text.Logo_DeleteSlot  logo.o
    0x0800d38c   0x0800d38c   0x0000000c   Code   RO          614    .text.Logo_GetActiveSlot  logo.o
    0x0800d398   0x0800d398   0x00000110   Code   RO          622    .text.Logo_GetAutoUploadSlot  logo.o
    0x0800d4a8   0x0800d4a8   0x0000000c   Code   RO          628    .text.Logo_GetState  logo.o
    0x0800d4b4   0x0800d4b4   0x0000006a   Code   RO          598    .text.Logo_Init     logo.o
    0x0800d51e   0x0800d51e   0x00000002   PAD
    0x0800d520   0x0800d520   0x0000004c   Code   RO          604    .text.Logo_IsSlotValid  logo.o
    0x0800d56c   0x0800d56c   0x00000040   Code   RO          626    .text.Logo_IsValid  logo.o
    0x0800d5ac   0x0800d5ac   0x000000e4   Code   RO          608    .text.Logo_NextValidSlot  logo.o
    0x0800d690   0x0800d690   0x000016b4   Code   RO          638    .text.Logo_ParseCommand  logo.o
    0x0800ed44   0x0800ed44   0x00000310   Code   RO          648    .text.Logo_PlayAnimation  logo.o
    0x0800f054   0x0800f054   0x000000e2   Code   RO          610    .text.Logo_PrevValidSlot  logo.o
    0x0800f136   0x0800f136   0x00000002   PAD
    0x0800f138   0x0800f138   0x000003a4   Code   RO          652    .text.Logo_ProcessBuffer  logo.o
    0x0800f4dc   0x0800f4dc   0x00000048   Code   RO          616    .text.Logo_SaveConfig  logo.o
    0x0800f524   0x0800f524   0x00000034   Code   RO          646    .text.Logo_ShowBoot  logo.o
    0x0800f558   0x0800f558   0x00000104   Code   RO          624    .text.Logo_ShowSlot  logo.o
    0x0800f65c   0x0800f65c   0x0000006c   Code   RO          706    .text.MX_DMA_Init   dma.o
    0x0800f6c8   0x0800f6c8   0x00000184   Code   RO          697    .text.MX_GPIO_Init  gpio.o
    0x0800f84c   0x0800f84c   0x0000004c   Code   RO          715    .text.MX_SPI1_Init  spi.o
    0x0800f898   0x0800f898   0x00000046   Code   RO          717    .text.MX_SPI2_Init  spi.o
    0x0800f8de   0x0800f8de   0x00000002   PAD
    0x0800f8e0   0x0800f8e0   0x0000004c   Code   RO          719    .text.MX_SPI3_Init  spi.o
    0x0800f92c   0x0800f92c   0x0000006a   Code   RO          737    .text.MX_TIM1_Init  tim.o
    0x0800f996   0x0800f996   0x00000002   PAD
    0x0800f998   0x0800f998   0x0000006e   Code   RO          739    .text.MX_TIM2_Init  tim.o
    0x0800fa06   0x0800fa06   0x00000002   PAD
    0x0800fa08   0x0800fa08   0x0000014e   Code   RO          741    .text.MX_TIM3_Init  tim.o
    0x0800fb56   0x0800fb56   0x00000002   PAD
    0x0800fb58   0x0800fb58   0x00000074   Code   RO          745    .text.MX_TIM4_Init  tim.o
    0x0800fbcc   0x0800fbcc   0x00000072   Code   RO          747    .text.MX_TIM5_Init  tim.o
    0x0800fc3e   0x0800fc3e   0x00000002   PAD
    0x0800fc40   0x0800fc40   0x0000003c   Code   RO          772    .text.MX_UART5_Init  usart.o
    0x0800fc7c   0x0800fc7c   0x0000003c   Code   RO          774    .text.MX_USART2_UART_Init  usart.o
    0x0800fcb8   0x0800fcb8   0x00000002   Code   RO          794    .text.MemManage_Handler  stm32f4xx_it.o
    0x0800fcba   0x0800fcba   0x00000002   PAD
    0x0800fcbc   0x0800fcbc   0x00000002   Code   RO          790    .text.NMI_Handler   stm32f4xx_it.o
    0x0800fcbe   0x0800fcbe   0x00000002   PAD
    0x0800fcc0   0x0800fcc0   0x00000028   Code   RO          583    .text.OTA_CheckTimeout  ota.o
    0x0800fce8   0x0800fce8   0x0000000c   Code   RO          579    .text.OTA_GetState  ota.o
    0x0800fcf4   0x0800fcf4   0x0000002a   Code   RO          577    .text.OTA_Init      ota.o
    0x0800fd1e   0x0800fd1e   0x00000002   PAD
    0x0800fd20   0x0800fd20   0x000005dc   Code   RO          573    .text.OTA_ParseCommand  ota.o
    0x080102fc   0x080102fc   0x0000001c   Code   RO          567    .text.OTA_WriteMetadata  ota.o
    0x08010318   0x08010318   0x0000004a   Code   RO           47    .text.PWM           xuanniu.o
    0x08010362   0x08010362   0x00000002   PAD
    0x08010364   0x08010364   0x00000002   Code   RO          804    .text.PendSV_Handler  stm32f4xx_it.o
    0x08010366   0x08010366   0x00000002   PAD
    0x08010368   0x08010368   0x00000110   Code   RO          520    .text.RX_proc       rx.o
    0x08010478   0x08010478   0x0000000c   Code   RO          816    .text.SPI2_IRQHandler  stm32f4xx_it.o
    0x08010484   0x08010484   0x00000092   Code   RO          903    .text.SPI_AbortRx_ISR  stm32f4xx_hal_spi.o
    0x08010516   0x08010516   0x00000002   PAD
    0x08010518   0x08010518   0x0000001a   Code   RO          901    .text.SPI_AbortTx_ISR  stm32f4xx_hal_spi.o
    0x08010532   0x08010532   0x00000002   PAD
    0x08010534   0x08010534   0x0000000c   Code   RO          921    .text.SPI_DMAAbortOnError  stm32f4xx_hal_spi.o
    0x08010540   0x08010540   0x0000001e   Code   RO          885    .text.SPI_DMAError  stm32f4xx_hal_spi.o
    0x0801055e   0x0801055e   0x00000002   PAD
    0x08010560   0x08010560   0x00000006   Code   RO          881    .text.SPI_DMAHalfTransmitCplt  stm32f4xx_hal_spi.o
    0x08010566   0x08010566   0x00000002   PAD
    0x08010568   0x08010568   0x0000010c   Code   RO          883    .text.SPI_DMATransmitCplt  stm32f4xx_hal_spi.o
    0x08010674   0x08010674   0x00000124   Code   RO          947    .text.SPI_WaitFlagStateUntilTimeout  stm32f4xx_hal_spi.o
    0x08010798   0x08010798   0x00000002   Code   RO          800    .text.SVC_Handler   stm32f4xx_it.o
    0x0801079a   0x0801079a   0x00000002   PAD
    0x0801079c   0x0801079c   0x000003cc   Code   RO          681    .text.Startup_TaillightFlash  main.o
    0x08010b68   0x08010b68   0x000002b8   Code   RO           21    .text.Streamlight_Process  xuanniu.o
    0x08010e20   0x08010e20   0x00000004   Code   RO          806    .text.SysTick_Handler  stm32f4xx_it.o
    0x08010e24   0x08010e24   0x000000a8   Code   RO          679    .text.SystemClock_Config  main.o
    0x08010ecc   0x08010ecc   0x0000001a   Code   RO         1783    .text.SystemInit    system_stm32f4xx.o
    0x08010ee6   0x08010ee6   0x00000002   PAD
    0x08010ee8   0x08010ee8   0x0000000c   Code   RO          812    .text.TIM1_UP_TIM10_IRQHandler  stm32f4xx_it.o
    0x08010ef4   0x08010ef4   0x0000000c   Code   RO          814    .text.TIM3_IRQHandler  stm32f4xx_it.o
    0x08010f00   0x08010f00   0x0000013a   Code   RO         1346    .text.TIM_Base_SetConfig  stm32f4xx_hal_tim.o
    0x0801103a   0x0801103a   0x00000002   PAD
    0x0801103c   0x0801103c   0x0000000a   Code   RO         1743    .text.UART_DMAAbortOnError  stm32f4xx_hal_uart.o
    0x08011046   0x08011046   0x00000002   PAD
    0x08011048   0x08011048   0x000000fe   Code   RO         1741    .text.UART_Receive_IT  stm32f4xx_hal_uart.o
    0x08011146   0x08011146   0x00000002   PAD
    0x08011148   0x08011148   0x000000e6   Code   RO         1665    .text.UART_SetConfig  stm32f4xx_hal_uart.o
    0x0801122e   0x0801122e   0x00000002   PAD
    0x08011230   0x08011230   0x0000000c   Code   RO          818    .text.USART2_IRQHandler  stm32f4xx_it.o
    0x0801123c   0x0801123c   0x00000002   Code   RO          798    .text.UsageFault_Handler  stm32f4xx_it.o
    0x0801123e   0x0801123e   0x00000002   PAD
    0x08011240   0x08011240   0x0000001a   Code   RO          434    .text.VS1003_CheckDREQ  vs1003.o
    0x0801125a   0x0801125a   0x00000002   PAD
    0x0801125c   0x0801125c   0x000000bc   Code   RO          448    .text.VS1003_GPIO_Init  vs1003.o
    0x08011318   0x08011318   0x00000064   Code   RO          450    .text.VS1003_HardReset  vs1003.o
    0x0801137c   0x0801137c   0x000001cc   Code   RO          454    .text.VS1003_Init   vs1003.o
    0x08011548   0x08011548   0x0000002c   Code   RO          466    .text.VS1003_Play   vs1003.o
    0x08011574   0x08011574   0x000000e4   Code   RO          440    .text.VS1003_ReadReg  vs1003.o
    0x08011658   0x08011658   0x0000007a   Code   RO          442    .text.VS1003_SendMusicData  vs1003.o
    0x080116d2   0x080116d2   0x00000002   PAD
    0x080116d4   0x080116d4   0x00000098   Code   RO          446    .text.VS1003_SendZeros  vs1003.o
    0x0801176c   0x0801176c   0x0000003a   Code   RO          456    .text.VS1003_SetVolumePercent  vs1003.o
    0x080117a6   0x080117a6   0x00000002   PAD
    0x080117a8   0x080117a8   0x000000b0   Code   RO          472    .text.VS1003_Stop   vs1003.o
    0x08011858   0x08011858   0x000000cc   Code   RO          436    .text.VS1003_WriteCmd  vs1003.o
    0x08011924   0x08011924   0x000000d4   Code   RO          420    .text.W25Q128_BufferRead  w25q128.o
    0x080119f8   0x080119f8   0x0000009a   Code   RO          418    .text.W25Q128_BufferWrite  w25q128.o
    0x08011a92   0x08011a92   0x00000002   PAD
    0x08011a94   0x08011a94   0x0000016e   Code   RO          412    .text.W25Q128_EraseBlock  w25q128.o
    0x08011c02   0x08011c02   0x00000002   PAD
    0x08011c04   0x08011c04   0x0000016e   Code   RO          410    .text.W25Q128_EraseSector  w25q128.o
    0x08011d72   0x08011d72   0x00000002   PAD
    0x08011d74   0x08011d74   0x00000050   Code   RO          394    .text.W25Q128_Init  w25q128.o
    0x08011dc4   0x08011dc4   0x00000164   Code   RO          416    .text.W25Q128_PageWrite  w25q128.o
    0x08011f28   0x08011f28   0x0000010a   Code   RO          380    .text.WS2812B_Set23LEDs  ws2812.o
    0x08012032   0x08012032   0x00000002   PAD
    0x08012034   0x08012034   0x000000f0   Code   RO          378    .text.WS2812B_SetAllLEDs  ws2812.o
    0x08012124   0x08012124   0x000000f6   Code   RO          382    .text.WS2812B_Update  ws2812.o
    0x0801221a   0x0801221a   0x00000002   PAD
    0x0801221c   0x0801221c   0x00000118   Code   RO          356    .text.WS2812_Init   ws2812.o
    0x08012334   0x08012334   0x00000132   Code   RO          358    .text.WS2812_SetAllLED1Color  ws2812.o
    0x08012466   0x08012466   0x00000002   PAD
    0x08012468   0x08012468   0x00000132   Code   RO          360    .text.WS2812_SetAllLED2Color  ws2812.o
    0x0801259a   0x0801259a   0x00000002   PAD
    0x0801259c   0x0801259c   0x0000002a   Code   RO          575    .text.__NVIC_SystemReset  ota.o
    0x080125c6   0x080125c6   0x00000002   PAD
    0x080125c8   0x080125c8   0x00000002   Code   RO          673    .text._sys_exit     main.o
    0x080125ca   0x080125ca   0x00000002   PAD
    0x080125cc   0x080125cc   0x00000298   Code   RO           15    .text.deng          xuanniu.o
    0x08012864   0x08012864   0x000000cc   Code   RO           33    .text.deng_init     xuanniu.o
    0x08012930   0x08012930   0x000001f0   Code   RO           39    .text.deng_ui2      xuanniu.o
    0x08012b20   0x08012b20   0x000002b8   Code   RO           41    .text.deng_ui4      xuanniu.o
    0x08012dd8   0x08012dd8   0x000000f0   Code   RO           31    .text.deng_update   xuanniu.o
    0x08012ec8   0x08012ec8   0x0000001e   Code   RO          675    .text.fputc         main.o
    0x08012ee6   0x08012ee6   0x00000002   PAD
    0x08012ee8   0x08012ee8   0x00000c46   Code   RO          231    .text.lcd_deng      lcd.o
    0x08013b2e   0x08013b2e   0x00000002   PAD
    0x08013b30   0x08013b30   0x00000818   Code   RO          229    .text.lcd_name_update  lcd.o
    0x08014348   0x08014348   0x00000356   Code   RO          217    .text.lcd_pei_se    lcd.o
    0x0801469e   0x0801469e   0x00000002   PAD
    0x080146a0   0x080146a0   0x00000302   Code   RO          221    .text.lcd_pei_se_dot  lcd.o
    0x080149a2   0x080149a2   0x00000002   PAD
    0x080149a4   0x080149a4   0x00000014   Code   RO          219    .text.lcd_pei_se_force  lcd.o
    0x080149b8   0x080149b8   0x00000020   Code   RO          215    .text.lcd_pei_se_realtime  lcd.o
    0x080149d8   0x080149d8   0x00000298   Code   RO          227    .text.lcd_rgb_cai_update  lcd.o
    0x08014c70   0x08014c70   0x0000249a   Code   RO          223    .text.lcd_rgb_num   lcd.o
    0x0801710a   0x0801710a   0x00000002   PAD
    0x0801710c   0x0801710c   0x000002a0   Code   RO          225    .text.lcd_rgb_update  lcd.o
    0x080173ac   0x080173ac   0x00000302   Code   RO          235    .text.lcd_ui4_deng  lcd.o
    0x080176ae   0x080176ae   0x00000002   PAD
    0x080176b0   0x080176b0   0x00000302   Code   RO          211    .text.lcd_ui6_deng  lcd.o
    0x080179b2   0x080179b2   0x00000002   PAD
    0x080179b4   0x080179b4   0x00001290   Code   RO          213    .text.lcd_wuhuaqi   lcd.o
    0x08018c44   0x08018c44   0x0000015c   Code   RO          677    .text.main          main.o
    0x08018da0   0x08018da0   0x00000576   Code   RO          370    .text.send_byte_LED1  ws2812.o
    0x08019316   0x08019316   0x00000002   PAD
    0x08019318   0x08019318   0x00000576   Code   RO          372    .text.send_byte_LED2  ws2812.o
    0x0801988e   0x0801988e   0x00000002   PAD
    0x08019890   0x08019890   0x00000290   Code   RO           37    .text.tiao_se       xuanniu.o
    0x08019b20   0x08019b20   0x0000003e   Code   RO         2010    CL$$btod_d2e        c_w.l(btod.o)
    0x08019b5e   0x08019b5e   0x00000046   Code   RO         2012    CL$$btod_d2e_denorm_low  c_w.l(btod.o)
    0x08019ba4   0x08019ba4   0x00000060   Code   RO         2011    CL$$btod_d2e_norm_op1  c_w.l(btod.o)
    0x08019c04   0x08019c04   0x00000338   Code   RO         2020    CL$$btod_div_common  c_w.l(btod.o)
    0x08019f3c   0x08019f3c   0x000000dc   Code   RO         2017    CL$$btod_e2e        c_w.l(btod.o)
    0x0801a018   0x0801a018   0x0000002a   Code   RO         2014    CL$$btod_ediv       c_w.l(btod.o)
    0x0801a042   0x0801a042   0x0000002a   Code   RO         2013    CL$$btod_emul       c_w.l(btod.o)
    0x0801a06c   0x0801a06c   0x00000244   Code   RO         2019    CL$$btod_mult_common  c_w.l(btod.o)
    0x0801a2b0   0x0801a2b0   0x00000030   Code   RO         2050    i.__ARM_fpclassify  m_wm.l(fpclassify.o)
    0x0801a2e0   0x0801a2e0   0x00000026   Code   RO         1955    i.__ARM_fpclassifyf  m_wm.l(fpclassifyf.o)
    0x0801a306   0x0801a306   0x00000002   PAD
    0x0801a308   0x0801a308   0x00000190   Code   RO         1905    i.__hardfp_sinf     m_wm.l(sinf.o)
    0x0801a498   0x0801a498   0x00000006   Code   RO         1958    i.__mathlib_flt_infnan  m_wm.l(funder.o)
    0x0801a49e   0x0801a49e   0x00000002   PAD
    0x0801a4a0   0x0801a4a0   0x00000010   Code   RO         1960    i.__mathlib_flt_invalid  m_wm.l(funder.o)
    0x0801a4b0   0x0801a4b0   0x00000010   Code   RO         1963    i.__mathlib_flt_underflow  m_wm.l(funder.o)
    0x0801a4c0   0x0801a4c0   0x00000154   Code   RO         1971    i.__mathlib_rredf2  m_wm.l(rredf.o)
    0x0801a614   0x0801a614   0x0000000e   Code   RO         1854    i._is_digit         c_w.l(__printf_wp.o)
    0x0801a622   0x0801a622   0x00000002   PAD
    0x0801a624   0x0801a624   0x0000002c   Code   RO         2039    locale$$code        c_w.l(lc_ctype_c.o)
    0x0801a650   0x0801a650   0x0000002c   Code   RO         2042    locale$$code        c_w.l(lc_numeric_c.o)
    0x0801a67c   0x0801a67c   0x0000000c   Code   RO         1950    x$fpl$dretinf       fz_wm.l(dretinf.o)
    0x0801a688   0x0801a688   0x00000056   Code   RO         1901    x$fpl$f2d           fz_wm.l(f2d.o)
    0x0801a6de   0x0801a6de   0x0000008c   Code   RO         1952    x$fpl$fnaninf       fz_wm.l(fnaninf.o)
    0x0801a76a   0x0801a76a   0x0000001a   Code   RO         2127    x$fpl$fpinit        fz_wm.l(fpinit.o)
    0x0801a784   0x0801a784   0x00000004   Code   RO         1903    x$fpl$printf1       fz_wm.l(printf1.o)
    0x0801a788   0x0801a788   0x00000000   Code   RO         1954    x$fpl$usenofp       fz_wm.l(usenofp.o)
    0x0801a788   0x0801a788   0x00000028   Data   RO         1827    .constdata          c_w.l(_printf_hex_int.o)
    0x0801a7b0   0x0801a7b0   0x00000011   Data   RO         1862    .constdata          c_w.l(__printf_flags_ss_wp.o)
    0x0801a7c1   0x0801a7c1   0x00000003   PAD
    0x0801a7c4   0x0801a7c4   0x00000020   Data   RO         1972    .constdata          m_wm.l(rredf.o)
    0x0801a7e4   0x0801a7e4   0x00000094   Data   RO         2008    .constdata          c_w.l(bigflt0.o)
    0x0801a878   0x0801a878   0x0000000c   Data   RO          542    .rodata..Lswitch.table.BLE_ParseCommand  rx.o
    0x0801a884   0x0801a884   0x00000010   Data   RO          552    .rodata..Lswitch.table.BLE_ParseCommand.100  rx.o
    0x0801a894   0x0801a894   0x00000010   Data   RO          553    .rodata..Lswitch.table.BLE_ParseCommand.101  rx.o
    0x0801a8a4   0x0801a8a4   0x0000000c   Data   RO          543    .rodata..Lswitch.table.BLE_ParseCommand.85  rx.o
    0x0801a8b0   0x0801a8b0   0x0000000c   Data   RO          544    .rodata..Lswitch.table.BLE_ParseCommand.86  rx.o
    0x0801a8bc   0x0801a8bc   0x0000000c   Data   RO          545    .rodata..Lswitch.table.BLE_ParseCommand.87  rx.o
    0x0801a8c8   0x0801a8c8   0x0000000c   Data   RO          546    .rodata..Lswitch.table.BLE_ParseCommand.88  rx.o
    0x0801a8d4   0x0801a8d4   0x0000000c   Data   RO          547    .rodata..Lswitch.table.BLE_ParseCommand.89  rx.o
    0x0801a8e0   0x0801a8e0   0x00000010   Data   RO          548    .rodata..Lswitch.table.BLE_ParseCommand.96  rx.o
    0x0801a8f0   0x0801a8f0   0x00000010   Data   RO          549    .rodata..Lswitch.table.BLE_ParseCommand.97  rx.o
    0x0801a900   0x0801a900   0x00000010   Data   RO          550    .rodata..Lswitch.table.BLE_ParseCommand.98  rx.o
    0x0801a910   0x0801a910   0x00000010   Data   RO          551    .rodata..Lswitch.table.BLE_ParseCommand.99  rx.o
    0x0801a920   0x0801a920   0x0000000a   Data   RO          344    .rodata..Lswitch.table.LCD_ui4_num_update.80  lcd.o
    0x0801a92a   0x0801a92a   0x00000002   PAD
    0x0801a92c   0x0801a92c   0x00000028   Data   RO          345    .rodata..Lswitch.table.LCD_ui4_num_update.81  lcd.o
    0x0801a954   0x0801a954   0x0000001c   Data   RO           96    .rodata..Lswitch.table.deng_ui2  xuanniu.o
    0x0801a970   0x0801a970   0x0000000a   Data   RO          338    .rodata..Lswitch.table.lcd_rgb_num.45  lcd.o
    0x0801a97a   0x0801a97a   0x00000002   PAD
    0x0801a97c   0x0801a97c   0x00000028   Data   RO          339    .rodata..Lswitch.table.lcd_rgb_num.46  lcd.o
    0x0801a9a4   0x0801a9a4   0x0000000a   Data   RO          340    .rodata..Lswitch.table.lcd_rgb_num.57  lcd.o
    0x0801a9ae   0x0801a9ae   0x00000002   PAD
    0x0801a9b0   0x0801a9b0   0x00000028   Data   RO          341    .rodata..Lswitch.table.lcd_rgb_num.58  lcd.o
    0x0801a9d8   0x0801a9d8   0x0000000a   Data   RO          342    .rodata..Lswitch.table.lcd_rgb_num.69  lcd.o
    0x0801a9e2   0x0801a9e2   0x00000002   PAD
    0x0801a9e4   0x0801a9e4   0x00000028   Data   RO          343    .rodata..Lswitch.table.lcd_rgb_num.70  lcd.o
    0x0801aa0c   0x0801aa0c   0x00000010   Data   RO         1788    .rodata.AHBPrescTable  system_stm32f4xx.o
    0x0801aa1c   0x0801aa1c   0x00000008   Data   RO         1789    .rodata.APBPrescTable  system_stm32f4xx.o
    0x0801aa24   0x0801aa24   0x00000474   Data   RO          245    .rodata.ascii_1206  lcd.o
    0x0801ae98   0x0801ae98   0x000005f0   Data   RO          246    .rodata.ascii_1608  lcd.o
    0x0801b488   0x0801b488   0x000011d0   Data   RO          247    .rodata.ascii_2412  lcd.o
    0x0801c658   0x0801c658   0x000017c0   Data   RO          248    .rodata.ascii_3216  lcd.o
    0x0801de18   0x0801de18   0x00000054   Data   RO           87    .rodata.breath_colors  xuanniu.o
    0x0801de6c   0x0801de6c   0x00000400   Data   RO          585    .rodata.crc32_table  ota.o
    0x0801e26c   0x0801e26c   0x00000400   Data   RO          663    .rodata.crc32_table  logo.o
    0x0801e66c   0x0801e66c   0x00000030   Data   RO         1562    .rodata.cst16       stm32f4xx_hal_tim.o
    0x0801e69c   0x0801e69c   0x00000008   Data   RO         1129    .rodata.cst8        stm32f4xx_hal_dma.o
    0x0801e6a4   0x0801e6a4   0x0002f0d3   Data   RO          506    .rodata.engine_accel_data  engine_audio.o
    0x0804d777   0x0804d777   0x00009db9   Data   RO          505    .rodata.engine_start_data  engine_audio.o
    0x08057530   0x08057530   0x00001376   Data   RO          274    .rodata.gImage_RGB_b_b_4753  lcd.o
    0x080588a6   0x080588a6   0x000013e0   Data   RO          273    .rodata.gImage_RGB_b_g_4853  lcd.o
    0x08059c86   0x08059c86   0x000013e0   Data   RO          272    .rodata.gImage_RGB_b_r_4853  lcd.o
    0x0805b066   0x0805b066   0x0000103e   Data   RO          281    .rodata.gImage_RGB_back_7727  lcd.o
    0x0805c0a4   0x0805c0a4   0x000013e0   Data   RO          275    .rodata.gImage_RGB_h_r_4853  lcd.o
    0x0805d484   0x0805d484   0x000013e0   Data   RO          276    .rodata.gImage_RGB_l_g_4853  lcd.o
    0x0805e864   0x0805e864   0x0000130c   Data   RO          277    .rodata.gImage_RGB_lan_b_4653  lcd.o
    0x0805fb70   0x0805fb70   0x00000b9a   Data   RO          278    .rodata.gImage_RGB_left_5527  lcd.o
    0x0806070a   0x0806070a   0x00001626   Data   RO          279    .rodata.gImage_RGB_middle_105_27  lcd.o
    0x08061d30   0x08061d30   0x000014a0   Data   RO          280    .rodata.gImage_RGB_right_8033  lcd.o
    0x080631d0   0x080631d0   0x00000b70   Data   RO          324    .rodata.gImage_VOI  lcd.o
    0x08063d40   0x08063d40   0x000004b0   Data   RO          282    .rodata.gImage_b_0_2425  lcd.o
    0x080641f0   0x080641f0   0x000001c2   Data   RO          283    .rodata.gImage_b_1_0925  lcd.o
    0x080643b2   0x080643b2   0x0000041a   Data   RO          284    .rodata.gImage_b_2_2125  lcd.o
    0x080647cc   0x080647cc   0x000003b6   Data   RO          285    .rodata.gImage_b_3_1925  lcd.o
    0x08064b82   0x08064b82   0x0000047e   Data   RO          286    .rodata.gImage_b_4_2325  lcd.o
    0x08065000   0x08065000   0x0000041a   Data   RO          287    .rodata.gImage_b_5_2125  lcd.o
    0x0806541a   0x0806541a   0x0000047e   Data   RO          288    .rodata.gImage_b_6_2325  lcd.o
    0x08065898   0x08065898   0x0000041a   Data   RO          289    .rodata.gImage_b_7_2125  lcd.o
    0x08065cb2   0x08065cb2   0x0000044c   Data   RO          290    .rodata.gImage_b_8_2225  lcd.o
    0x080660fe   0x080660fe   0x0000047e   Data   RO          291    .rodata.gImage_b_9_2325  lcd.o
    0x0806657c   0x0806657c   0x0001c200   Data   RO          254    .rodata.gImage_beijing_240_240  lcd.o
    0x0808277c   0x0808277c   0x00001a8e   Data   RO          333    .rodata.gImage_bright  lcd.o
    0x0808420a   0x0808420a   0x00002880   Data   RO          332    .rodata.gImage_brighttubiao  lcd.o
    0x08086a8a   0x08086a8a   0x00000c66   Data   RO          322    .rodata.gImage_brt_6923  lcd.o
    0x080876f0   0x080876f0   0x000001f8   Data   RO          261    .rodata.gImage_c_deng_1221  lcd.o
    0x080878e8   0x080878e8   0x0000517e   Data   RO          312    .rodata.gImage_color_183_57  lcd.o
    0x0808ca66   0x0808ca66   0x00000f18   Data   RO          313    .rodata.gImage_color_rize_69_28  lcd.o
    0x0808d97e   0x0808d97e   0x000043dc   Data   RO          256    .rodata.gImage_fengshubiao_202_43  lcd.o
    0x08091d5a   0x08091d5a   0x00001ed0   Data   RO          327    .rodata.gImage_fengsu_68_58  lcd.o
    0x08093c2a   0x08093c2a   0x000004b0   Data   RO          292    .rodata.gImage_h_0_2425  lcd.o
    0x080940da   0x080940da   0x00000226   Data   RO          293    .rodata.gImage_h_1_1125  lcd.o
    0x08094300   0x08094300   0x0000044c   Data   RO          294    .rodata.gImage_h_2_2225  lcd.o
    0x0809474c   0x0809474c   0x000003b6   Data   RO          295    .rodata.gImage_h_3_1925  lcd.o
    0x08094b02   0x08094b02   0x0000047e   Data   RO          296    .rodata.gImage_h_4_2325  lcd.o
    0x08094f80   0x08094f80   0x0000041a   Data   RO          297    .rodata.gImage_h_5_2125  lcd.o
    0x0809539a   0x0809539a   0x0000047e   Data   RO          298    .rodata.gImage_h_6_2325  lcd.o
    0x08095818   0x08095818   0x0000041a   Data   RO          299    .rodata.gImage_h_7_2125  lcd.o
    0x08095c32   0x08095c32   0x0000041a   Data   RO          300    .rodata.gImage_h_8_2125  lcd.o
    0x0809604c   0x0809604c   0x0000044c   Data   RO          301    .rodata.gImage_h_9_2225  lcd.o
    0x08096498   0x08096498   0x000001f8   Data   RO          259    .rodata.gImage_h_deng_1221  lcd.o
    0x08096690   0x08096690   0x000004b0   Data   RO          302    .rodata.gImage_l_0_2425  lcd.o
    0x08096b40   0x08096b40   0x000001c2   Data   RO          303    .rodata.gImage_l_1_0925  lcd.o
    0x08096d02   0x08096d02   0x0000047e   Data   RO          304    .rodata.gImage_l_2_2325  lcd.o
    0x08097180   0x08097180   0x0000041a   Data   RO          305    .rodata.gImage_l_3_2125  lcd.o
    0x0809759a   0x0809759a   0x000004b0   Data   RO          306    .rodata.gImage_l_4_2425  lcd.o
    0x08097a4a   0x08097a4a   0x0000044c   Data   RO          307    .rodata.gImage_l_5_2225  lcd.o
    0x08097e96   0x08097e96   0x0000047e   Data   RO          308    .rodata.gImage_l_6_2325  lcd.o
    0x08098314   0x08098314   0x0000041a   Data   RO          309    .rodata.gImage_l_7_2125  lcd.o
    0x0809872e   0x0809872e   0x0000047e   Data   RO          310    .rodata.gImage_l_8_2325  lcd.o
    0x08098bac   0x08098bac   0x0000047e   Data   RO          311    .rodata.gImage_l_9_2325  lcd.o
    0x0809902a   0x0809902a   0x000001f8   Data   RO          260    .rodata.gImage_l_deng_1221  lcd.o
    0x08099222   0x08099222   0x0000145e   Data   RO          335    .rodata.gImage_logo  lcd.o
    0x0809a680   0x0809a680   0x00002420   Data   RO          334    .rodata.gImage_logotubiao  lcd.o
    0x0809caa0   0x0809caa0   0x00001550   Data   RO          837    .rodata.gImage_new_color  new_color.o
    0x0809dff0   0x0809dff0   0x00000f30   Data   RO          331    .rodata.gImage_rgb  lcd.o
    0x0809ef20   0x0809ef20   0x00002288   Data   RO          330    .rodata.gImage_rgbtubiao  lcd.o
    0x080a11a8   0x080a11a8   0x0000151e   Data   RO          262    .rodata.gImage_speed_0_5153  lcd.o
    0x080a26c6   0x080a26c6   0x00001090   Data   RO          263    .rodata.gImage_speed_1_1553  lcd.o
    0x080a3756   0x080a3756   0x000013e0   Data   RO          264    .rodata.gImage_speed_2_4853  lcd.o
    0x080a4b36   0x080a4b36   0x000011ce   Data   RO          265    .rodata.gImage_speed_3_4353  lcd.o
    0x080a5d04   0x080a5d04   0x0000151e   Data   RO          266    .rodata.gImage_speed_4_5153  lcd.o
    0x080a7222   0x080a7222   0x0000130c   Data   RO          267    .rodata.gImage_speed_5_4653  lcd.o
    0x080a852e   0x080a852e   0x0000144a   Data   RO          268    .rodata.gImage_speed_6_4953  lcd.o
    0x080a9978   0x080a9978   0x0000130c   Data   RO          269    .rodata.gImage_speed_7_4653  lcd.o
    0x080aac84   0x080aac84   0x0000144a   Data   RO          270    .rodata.gImage_speed_8_4953  lcd.o
    0x080ac0ce   0x080ac0ce   0x00001986   Data   RO          253    .rodata.gImage_speed_99_33  lcd.o
    0x080ada54   0x080ada54   0x0000144a   Data   RO          271    .rodata.gImage_speed_9_4953  lcd.o
    0x080aee9e   0x080aee9e   0x00000c1c   Data   RO          257    .rodata.gImage_speed_kmh_6225  lcd.o
    0x080afaba   0x080afaba   0x00000a28   Data   RO          258    .rodata.gImage_speed_mph_5225  lcd.o
    0x080b04e2   0x080b04e2   0x00002ac8   Data   RO          328    .rodata.gImage_tiaosepan_74_74  lcd.o
    0x080b2faa   0x080b2faa   0x000012fc   Data   RO          337    .rodata.gImage_voice  lcd.o
    0x080b42a6   0x080b42a6   0x00002114   Data   RO          336    .rodata.gImage_voicetubiao  lcd.o
    0x080b63ba   0x080b63ba   0x00000005   Data   RO           89    .rodata.str1.1      xuanniu.o
    0x080b63bf   0x080b63bf   0x00000063   Data   RO          481    .rodata.str1.1      vs1003.o
    0x080b6422   0x080b6422   0x0000002f   Data   RO          504    .rodata.str1.1      engine_audio.o
    0x080b6451   0x080b6451   0x0000038c   Data   RO          537    .rodata.str1.1      rx.o
    0x080b67dd   0x080b67dd   0x0000008a   Data   RO          586    .rodata.str1.1      ota.o
    0x080b6867   0x080b6867   0x00000c8c   Data   RO          656    .rodata.str1.1      logo.o
    0x080b74f3   0x080b74f3   0x00000001   PAD
    0x080b74f4   0x080b74f4   0x00000013   Data   RO          538    .rodata.str1.4      rx.o
    0x080b7507   0x080b7507   0x00000001   PAD
    0x080b7508   0x080b7508   0x00000026   Data   RO          659    .rodata.str1.4      logo.o
    0x080b752e   0x080b752e   0x00000002   PAD
    0x080b7530   0x080b7530   0x00000020   Data   RO         2197    Region$$Table       anon$$obj.o
    0x080b7550   0x080b7550   0x00000110   Data   RO         2038    locale$$data        c_w.l(lc_ctype_c.o)
    0x080b7660   0x080b7660   0x0000001c   Data   RO         2041    locale$$data        c_w.l(lc_numeric_c.o)


    Execution Region RW_IRAM1 (Exec base: 0x20000000, Load base: 0x080b7680, Size: 0x00004498, Max: 0x0001c000, ABSOLUTE)

    Exec Addr    Load Addr    Size         Type   Attr      Idx    E Section Name        Object

    0x20000000   0x080b7680   0x00000004   Data   RW         1877    .data               c_w.l(strtok.o)
    0x20000004   0x080b7684   0x0000002a   Data   RW           97    .data..L_MergedGlobals  xuanniu.o
    0x2000002e   0x080b76ae   0x0000000a   Data   RW          346    .data..L_MergedGlobals  lcd.o
    0x20000038   0x080b76b8   0x00000008   Data   RW         1307    .data..L_MergedGlobals  stm32f4xx_hal.o
    0x20000040   0x080b76c0   0x00000004   Data   RW         1787    .data.SystemCoreClock  system_stm32f4xx.o
    0x20000044   0x080b76c4   0x00000064   Data   RW          685    .data.WriteBuffer   main.o
    0x200000a8        -       0x00000060   Zero   RW         1975    .bss                c_w.l(libspace.o)
    0x20000108        -       0x00000014   Zero   RW          507    .bss..L_MergedGlobals  engine_audio.o
    0x2000011c        -       0x00000023   Zero   RW          554    .bss..L_MergedGlobals  rx.o
    0x2000013f   0x080b7728   0x00000001   PAD
    0x20000140        -       0x0000001c   Zero   RW          589    .bss..L_MergedGlobals  ota.o
    0x2000015c        -       0x00000024   Zero   RW          664    .bss..L_MergedGlobals  logo.o
    0x20000180        -       0x0000007c   Zero   RW           98    .bss..L_MergedGlobals.14  xuanniu.o
    0x200001fc        -       0x00000070   Zero   RW           99    .bss..L_MergedGlobals.15  xuanniu.o
    0x2000026c        -       0x0000000c   Zero   RW          347    .bss..L_MergedGlobals.82  lcd.o
    0x20000278        -       0x00000100   Zero   RW          326    .bss.LCD_DrawGradientBar.line_buf  lcd.o
    0x20000378        -       0x00000100   Zero   RW          325    .bss.LCD_DrawSolidBar.solid_buf  lcd.o
    0x20000478        -       0x00000400   Zero   RW          323    .bss.LCD_Fill.buffer  lcd.o
    0x20000878        -       0x00000002   Zero   RW          122    .bss.LCD_WR_DATA.data  lcd_init.o
    0x2000087a        -       0x0000005a   Zero   RW          384    .bss.LED1_ColorBuffer  ws2812.o
    0x200008d4        -       0x0000005a   Zero   RW          385    .bss.LED2_ColorBuffer  ws2812.o
    0x2000092e   0x080b7728   0x00000002   PAD
    0x20000930        -       0x00000800   Zero   RW          540    .bss.RX_proc.temp_buff  rx.o
    0x20001130        -       0x00000064   Zero   RW          686    .bss.ReadBuffer     main.o
    0x20001194        -       0x00000054   Zero   RW          687    .bss.__stdout       main.o
    0x200011e8        -       0x00000800   Zero   RW          660    .bss.decompress_buffer  logo.o
    0x200019e8        -       0x000013e0   Zero   RW          657    .bss.g_receiveWindow  logo.o
    0x20002dc8        -       0x00000060   Zero   RW          728    .bss.hdma_spi2_tx   spi.o
    0x20002e28        -       0x00000060   Zero   RW          762    .bss.hdma_tim1_ch4_trig_com  tim.o
    0x20002e88        -       0x00000060   Zero   RW          763    .bss.hdma_tim5_ch3_up  tim.o
    0x20002ee8        -       0x00000058   Zero   RW          725    .bss.hspi1          spi.o
    0x20002f40        -       0x00000058   Zero   RW          726    .bss.hspi2          spi.o
    0x20002f98        -       0x00000058   Zero   RW          727    .bss.hspi3          spi.o
    0x20002ff0        -       0x00000048   Zero   RW          757    .bss.htim1          tim.o
    0x20003038        -       0x00000048   Zero   RW          758    .bss.htim2          tim.o
    0x20003080        -       0x00000048   Zero   RW          759    .bss.htim3          tim.o
    0x200030c8        -       0x00000048   Zero   RW          760    .bss.htim4          tim.o
    0x20003110        -       0x00000048   Zero   RW          761    .bss.htim5          tim.o
    0x20003158        -       0x00000048   Zero   RW          781    .bss.huart2         usart.o
    0x200031a0        -       0x00000048   Zero   RW          780    .bss.huart5         usart.o
    0x200031e8        -       0x00000004   Zero   RW          661    .bss.lcd_debug_line_count  logo.o
    0x200031ec        -       0x00000190   Zero   RW          662    .bss.lcd_debug_lines  logo.o
    0x2000337c        -       0x00000100   Zero   RW          658    .bss.logo_temp_buffer  logo.o
    0x2000347c        -       0x00000100   Zero   RW          588    .bss.ota_temp_buffer  ota.o
    0x2000357c        -       0x00000110   Zero   RW          587    .bss.ota_window     ota.o
    0x2000368c        -       0x00000800   Zero   RW          539    .bss.rx_buff        rx.o
    0x20003e8c        -       0x00000004   Zero   RW         1306    .bss.uwTick         stm32f4xx_hal.o
    0x20003e90        -       0x00000001   Zero   RW          480    .bss.vs_state       vs1003.o
    0x20003e91   0x080b7728   0x00000007   PAD
    0x20003e98        -       0x00000200   Zero   RW            2    HEAP                startup_stm32f405xx.o
    0x20004098        -       0x00000400   Zero   RW            1    STACK               startup_stm32f405xx.o


    Execution Region RW_IRAM2 (Exec base: 0x2001c000, Load base: 0x080b7728, Size: 0x00000000, Max: 0x00004000, ABSOLUTE)

    **** No section assigned to this execution region ****


==============================================================================

Image component sizes


      Code (inc. data)   RO Data    RW Data    ZI Data      Debug   Object Name

       108          0          0          0          0       3490   dma.o
       820        276     233147          0         20       3563   engine_audio.o
       388          0          0          0          0       2375   gpio.o
     36880         80     396790         10       1548     127666   lcd.o
      9694          0          0          0          2      27018   lcd_init.o
     10744        696       4274          0       7832      33297   logo.o
      1526         36          0        100        184       7670   main.o
         0          0       5456          0          0        423   new_color.o
      1664        164       1162          0        556       9565   ota.o
      5138        328       1095          0       4131      14614   rx.o
       610          0          0          0        360       7644   spi.o
        64         26        392          0       1536        856   startup_stm32f405xx.o
       204          0          0          8          4       7294   stm32f4xx_hal.o
       196          0          0          0          0      10712   stm32f4xx_hal_cortex.o
      1146          6          8          0          0      10612   stm32f4xx_hal_dma.o
       434          0          0          0          0       5474   stm32f4xx_hal_gpio.o
        56          0          0          0          0       1494   stm32f4xx_hal_msp.o
      1484          4          0          0          0       7673   stm32f4xx_hal_rcc.o
      3432          0          0          0          0      26269   stm32f4xx_hal_spi.o
      2624          6         48          0          0      58525   stm32f4xx_hal_tim.o
       190          0          0          0          0      21972   stm32f4xx_hal_tim_ex.o
      2510          0          0          0          0      32840   stm32f4xx_hal_uart.o
       104          0          0          0          0       7360   stm32f4xx_it.o
        26          0         24          4          0       2638   system_stm32f4xx.o
      1244          6          0          0        552      11622   tim.o
       408          0          0          0        144       7328   usart.o
      1758        100         99          0          1      14267   vs1003.o
      1534          0          0          0          0       9941   w25q128.o
      4440          6          0          0        180      16724   ws2812.o
     10312        388        117         42        236      27264   xuanniu.o

    ----------------------------------------------------------------------
     99948       2122     642656        164      17296     518190   Object Totals
         0          0         32          0          0          0   (incl. Generated)
       210          0         12          0         10          0   (incl. Padding)

    ----------------------------------------------------------------------

      Code (inc. data)   RO Data    RW Data    ZI Data      Debug   Library Member Name

         8          0          0          0          0         68   __main.o
       392          4         17          0          0         92   __printf_flags_ss_wp.o
        14          0          0          0          0         68   __printf_wp.o
         0          0          0          0          0          0   __rtentry.o
        12          0          0          0          0          0   __rtentry2.o
         6          0          0          0          0          0   __rtentry4.o
        94          8          0          0          0          0   __scatter.o
        26          0          0          0          0          0   __scatter_copy.o
        28          0          0          0          0          0   __scatter_zi.o
        28          0          0          0          0         68   _chval.o
        44          0          0          0          0        108   _printf_char.o
        48          6          0          0          0         96   _printf_char_common.o
        36          4          0          0          0         80   _printf_char_file.o
         6          0          0          0          0          0   _printf_d.o
       120         16          0          0          0         92   _printf_dec.o
         6          0          0          0          0          0   _printf_f.o
      1052          0          0          0          0        148   _printf_fp_dec.o
       128         16          0          0          0         84   _printf_fp_infnan.o
        88          4         40          0          0         88   _printf_hex_int.o
       178          0          0          0          0         88   _printf_intcommon.o
        78          0          0          0          0        108   _printf_pad.o
         0          0          0          0          0          0   _printf_percent.o
         4          0          0          0          0          0   _printf_percent_end.o
         6          0          0          0          0          0   _printf_s.o
        82          0          0          0          0         80   _printf_str.o
         6          0          0          0          0          0   _printf_u.o
         6          0          0          0          0          0   _printf_x.o
        22          0          0          0          0        100   _rserrno.o
        16          0          0          0          0         68   _snputc.o
        10          0          0          0          0         68   _sputc.o
       158          0          0          0          0         92   _strtoul.o
        26          0          0          0          0         80   atoi.o
       228          4        148          0          0         96   bigflt0.o
      1936        128          0          0          0        668   btod.o
        18          0          0          0          0         80   exit.o
         8          0          0          0          0         68   ferror.o
         6          0          0          0          0        152   heapauxi.o
        44         10        272          0          0         76   lc_ctype_c.o
        44         10         28          0          0         76   lc_numeric_c.o
         2          0          0          0          0          0   libinit.o
        34          0          0          0          0          0   libinit2.o
         2          0          0          0          0          0   libshutdown.o
         2          0          0          0          0          0   libshutdown2.o
         8          4          0          0         96         68   libspace.o
       138          0          0          0          0         80   lludiv10.o
       240          0          0          0          0        100   lludivv7m.o
        88          0          0          0          0         76   memcmp.o
        24          4          0          0          0         84   noretval__2printf.o
        64          6          0          0          0         84   noretval__2snprintf.o
        40          6          0          0          0         84   noretval__2sprintf.o
        44          4          0          0          0         84   puts.o
        16          4          0          0          0         76   rt_ctype_table.o
         8          4          0          0          0         68   rt_errno_addr_intlibspace.o
         8          4          0          0          0         68   rt_locale_intlibspace.o
        78          0          0          0          0         80   rt_memclr_w.o
       138          0          0          0          0         68   rt_memcpy_v6.o
       100          0          0          0          0         80   rt_memcpy_w.o
         2          0          0          0          0          0   rtexit.o
        10          0          0          0          0          0   rtexit2.o
        20          0          0          0          0         68   strchr.o
       124          0          0          0          0         88   strcmpv7em.o
        72          0          0          0          0         80   strcpy.o
        32          0          0          0          0         80   strcspn.o
        62          0          0          0          0         76   strlen.o
       150          0          0          0          0         80   strncmp.o
        28          0          0          0          0         80   strspn.o
        12          6          0          4          0         68   strtok.o
        68          4          0          0          0         84   strtok_int.o
       112          0          0          0          0         88   strtol.o
       114          0          0          0          0         92   strtoul.o
        74          0          0          0          0         80   sys_stackheap_outer.o
         2          0          0          0          0         68   use_no_semi.o
         2          0          0          0          0         68   use_no_semi_2.o
        12          0          0          0          0        116   dretinf.o
        86          4          0          0          0        132   f2d.o
       140          4          0          0          0        132   fnaninf.o
        26          0          0          0          0        116   fpinit.o
         4          0          0          0          0        116   printf1.o
         0          0          0          0          0          0   usenofp.o
        48          0          0          0          0        124   fpclassify.o
        38          0          0          0          0        116   fpclassifyf.o
        38         12          0          0          0        348   funder.o
       340         24         32          0          0        160   rredf.o
       400         56          0          0          0        212   sinf.o

    ----------------------------------------------------------------------
      8084        356        540          4         96       6664   Library Totals
        22          0          3          0          0          0   (incl. Padding)

    ----------------------------------------------------------------------

      Code (inc. data)   RO Data    RW Data    ZI Data      Debug   Library Name

      6930        256        505          4         96       5092   c_w.l
       268          8          0          0          0        612   fz_wm.l
       864         92         32          0          0        960   m_wm.l

    ----------------------------------------------------------------------
      8084        356        540          4         96       6664   Library Totals

    ----------------------------------------------------------------------

==============================================================================


      Code (inc. data)   RO Data    RW Data    ZI Data      Debug   

    108032       2478     643196        168      17392     520418   Grand Totals
    108032       2478     643196        168      17392     520418   ELF Image Totals
    108032       2478     643196        168          0          0   ROM Totals

==============================================================================

    Total RO  Size (Code + RO Data)               751228 ( 733.62kB)
    Total RW  Size (RW Data + ZI Data)             17560 (  17.15kB)
    Total ROM Size (Code + RO Data + RW Data)     751396 ( 733.79kB)

==============================================================================

